Query: Trabaja exclusivamente sobre:

E:\PROYECTS\CRIBA

Lee completos desde disco, en este orden:

1. E:\PROYECTS\CRIBA\01_TAREA_ACTUAL.txt
2. E:\PROYECTS\CRIBA\.autoregen\AUTOREGEN_GLOBAL.txt

Esta es la primera sesi├│n, generaci├│n 1. Empieza desde el primer paso
de la tarea y crea checkpoints verificables.

La autorregeneraci├│n est├í SIEMPRE ACTIVA.
No uses --continue ni --resume.
No termines con un resumen ambiguo.

Antes de finalizar debes hacer exactamente una de estas dos cosas:

A) Si toda la tarea est├í terminada y verificada:
- escribir .autoregen/project_completed.json;
- terminar con PROJECT_COMPLETED.

B) Si necesitas contexto limpio:
- actualizar HANDOFF.md;
- escribir .autoregen/session_handoff.json;
- escribir RESUME_NEXT_SESSION.txt;
- escribir .autoregen/regeneration_request.json;
- terminar con CONTEXT_REGENERATION_REQUIRED.

Empieza ahora.
[2;3mInitializing agent...[0m
[38;2;255;191;0mÔöÇÔöÇÔöÇÔöÇÔöÇÔöÇÔöÇÔöÇÔöÇÔöÇÔöÇÔöÇÔöÇÔöÇÔöÇÔöÇÔöÇÔöÇÔöÇÔöÇÔöÇÔöÇÔöÇÔöÇÔöÇÔöÇÔöÇÔöÇÔöÇÔöÇÔöÇÔöÇÔöÇÔöÇÔöÇÔöÇÔöÇÔöÇÔöÇÔöÇ[0m


[2;3mÔöîÔöÇ Reasoning ÔöÇÔöÇÔöÇÔöÇÔöÇÔöÇÔöÇÔöÇÔöÇÔöÇÔöÇÔöÇÔöÇÔöÇÔöÇÔöÇÔöÇÔöÇÔöÇÔöÇÔöÇÔöÇÔöÇÔöÇÔöÇÔöÇÔöÇÔöÇÔöÇÔöÇÔöÇÔöÇÔöÇÔöÇÔöÇÔöÇÔöÇÔöÇÔöÇÔöÇÔöÇÔöÇÔöÇÔöÇÔöÇÔöÇÔöÇÔöÇÔöÇÔöÇÔöÇÔöÇÔöÇÔöÇÔöÇÔöÇÔöÇÔöÇÔöÇÔöÇÔöÇÔöÇÔöÇÔöÇÔöÇÔöÇÔöÉ[0m
[2;3mLet me start by reading the two files specified, in the given[0m
[2;3mÔööÔöÇÔöÇÔöÇÔöÇÔöÇÔöÇÔöÇÔöÇÔöÇÔöÇÔöÇÔöÇÔöÇÔöÇÔöÇÔöÇÔöÇÔöÇÔöÇÔöÇÔöÇÔöÇÔöÇÔöÇÔöÇÔöÇÔöÇÔöÇÔöÇÔöÇÔöÇÔöÇÔöÇÔöÇÔöÇÔöÇÔöÇÔöÇÔöÇÔöÇÔöÇÔöÇÔöÇÔöÇÔöÇÔöÇÔöÇÔöÇÔöÇÔöÇÔöÇÔöÇÔöÇÔöÇÔöÇÔöÇÔöÇÔöÇÔöÇÔöÇÔöÇÔöÇÔöÇÔöÇÔöÇÔöÇÔöÇÔöÇÔöÇÔöÇÔöÇÔöÇÔöÇÔöÇÔöÇÔöÇÔöÇÔöÇÔöÿ[0m

[1;38;2;255;215;0mÔò¡ÔöÇ ÔÜò Hermes ÔöÇÔöÇÔöÇÔöÇÔöÇÔöÇÔöÇÔöÇÔöÇÔöÇÔöÇÔöÇÔöÇÔöÇÔöÇÔöÇÔöÇÔöÇÔöÇÔöÇÔöÇÔöÇÔöÇÔöÇÔöÇÔöÇÔöÇÔöÇÔöÇÔöÇÔöÇÔöÇÔöÇÔöÇÔöÇÔöÇÔöÇÔöÇÔöÇÔöÇÔöÇÔöÇÔöÇÔöÇÔöÇÔöÇÔöÇÔöÇÔöÇÔöÇÔöÇÔöÇÔöÇÔöÇÔöÇÔöÇÔöÇÔöÇÔöÇÔöÇÔöÇÔöÇÔöÇÔöÇÔöÇÔöÇÔöÇÔò«[0m
  Ôöè ­ƒôû preparing read_fileÔÇª
    [38;2;255;248;220mVoy a leer los dos archivos completos en el orden indicado.[0m
[1;38;2;255;215;0mÔò░ÔöÇÔöÇÔöÇÔöÇÔöÇÔöÇÔöÇÔöÇÔöÇÔöÇÔöÇÔöÇÔöÇÔöÇÔöÇÔöÇÔöÇÔöÇÔöÇÔöÇÔöÇÔöÇÔöÇÔöÇÔöÇÔöÇÔöÇÔöÇÔöÇÔöÇÔöÇÔöÇÔöÇÔöÇÔöÇÔöÇÔöÇÔöÇÔöÇÔöÇÔöÇÔöÇÔöÇÔöÇÔöÇÔöÇÔöÇÔöÇÔöÇÔöÇÔöÇÔöÇÔöÇÔöÇÔöÇÔöÇÔöÇÔöÇÔöÇÔöÇÔöÇÔöÇÔöÇÔöÇÔöÇÔöÇÔöÇÔöÇÔöÇÔöÇÔöÇÔöÇÔöÇÔöÇÔöÇÔöÇÔöÇÔöÇÔò»[0m
  Ôöè ­ƒôû preparing read_fileÔÇª
  Ôöè ­ƒôû read      01_TAREA_ACTUAL.txt  1.8s
  Ôöè ­ƒôû read      AUTOREGEN_GLOBAL.txt  1.8s

[2;3mÔöîÔöÇ Reasoning ÔöÇÔöÇÔöÇÔöÇÔöÇÔöÇÔöÇÔöÇÔöÇÔöÇÔöÇÔöÇÔöÇÔöÇÔöÇÔöÇÔöÇÔöÇÔöÇÔöÇÔöÇÔöÇÔöÇÔöÇÔöÇÔöÇÔöÇÔöÇÔöÇÔöÇÔöÇÔöÇÔöÇÔöÇÔöÇÔöÇÔöÇÔöÇÔöÇÔöÇÔöÇÔöÇÔöÇÔöÇÔöÇÔöÇÔöÇÔöÇÔöÇÔöÇÔöÇÔöÇÔöÇÔöÇÔöÇÔöÇÔöÇÔöÇÔöÇÔöÇÔöÇÔöÇÔöÇÔöÇÔöÇÔöÇÔöÉ[0m
[2;3mLet me read the rest of the 01_TAREA_ACTUAL.txt file since it was truncated at line[0m
[2;3m 500 (542 total[0m
[2;3mÔööÔöÇÔöÇÔöÇÔöÇÔöÇÔöÇÔöÇÔöÇÔöÇÔöÇÔöÇÔöÇÔöÇÔöÇÔöÇÔöÇÔöÇÔöÇÔöÇÔöÇÔöÇÔöÇÔöÇÔöÇÔöÇÔöÇÔöÇÔöÇÔöÇÔöÇÔöÇÔöÇÔöÇÔöÇÔöÇÔöÇÔöÇÔöÇÔöÇÔöÇÔöÇÔöÇÔöÇÔöÇÔöÇÔöÇÔöÇÔöÇÔöÇÔöÇÔöÇÔöÇÔöÇÔöÇÔöÇÔöÇÔöÇÔöÇÔöÇÔöÇÔöÇÔöÇÔöÇÔöÇÔöÇÔöÇÔöÇÔöÇÔöÇÔöÇÔöÇÔöÇÔöÇÔöÇÔöÇÔöÇÔöÇÔöÇÔöÿ[0m

[1;38;2;255;215;0mÔò¡ÔöÇ ÔÜò Hermes ÔöÇÔöÇÔöÇÔöÇÔöÇÔöÇÔöÇÔöÇÔöÇÔöÇÔöÇÔöÇÔöÇÔöÇÔöÇÔöÇÔöÇÔöÇÔöÇÔöÇÔöÇÔöÇÔöÇÔöÇÔöÇÔöÇÔöÇÔöÇÔöÇÔöÇÔöÇÔöÇÔöÇÔöÇÔöÇÔöÇÔöÇÔöÇÔöÇÔöÇÔöÇÔöÇÔöÇÔöÇÔöÇÔöÇÔöÇÔöÇÔöÇÔöÇÔöÇÔöÇÔöÇÔöÇÔöÇÔöÇÔöÇÔöÇÔöÇÔöÇÔöÇÔöÇÔöÇÔöÇÔöÇÔöÇÔöÇÔò«[0m
  Ôöè ­ƒôû preparing read_fileÔÇª
    [38;2;255;248;220mEl archivo de tarea tiene m├ís l├¡neas (542 total, le├¡ 500). Leo el resto.[0m
[1;38;2;255;215;0mÔò░ÔöÇÔöÇÔöÇÔöÇÔöÇÔöÇÔöÇÔöÇÔöÇÔöÇÔöÇÔöÇÔöÇÔöÇÔöÇÔöÇÔöÇÔöÇÔöÇÔöÇÔöÇÔöÇÔöÇÔöÇÔöÇÔöÇÔöÇÔöÇÔöÇÔöÇÔöÇÔöÇÔöÇÔöÇÔöÇÔöÇÔöÇÔöÇÔöÇÔöÇÔöÇÔöÇÔöÇÔöÇÔöÇÔöÇÔöÇÔöÇÔöÇÔöÇÔöÇÔöÇÔöÇÔöÇÔöÇÔöÇÔöÇÔöÇÔöÇÔöÇÔöÇÔöÇÔöÇÔöÇÔöÇÔöÇÔöÇÔöÇÔöÇÔöÇÔöÇÔöÇÔöÇÔöÇÔöÇÔöÇÔöÇÔöÇÔò»[0m
  Ôöè ­ƒôû read      01_TAREA_ACTUAL.txt L501  1.0s

[2;3mÔöîÔöÇ Reasoning ÔöÇÔöÇÔöÇÔöÇÔöÇÔöÇÔöÇÔöÇÔöÇÔöÇÔöÇÔöÇÔöÇÔöÇÔöÇÔöÇÔöÇÔöÇÔöÇÔöÇÔöÇÔöÇÔöÇÔöÇÔöÇÔöÇÔöÇÔöÇÔöÇÔöÇÔöÇÔöÇÔöÇÔöÇÔöÇÔöÇÔöÇÔöÇÔöÇÔöÇÔöÇÔöÇÔöÇÔöÇÔöÇÔöÇÔöÇÔöÇÔöÇÔöÇÔöÇÔöÇÔöÇÔöÇÔöÇÔöÇÔöÇÔöÇÔöÇÔöÇÔöÇÔöÇÔöÇÔöÇÔöÇÔöÇÔöÉ[0m
[2;3mNow I have the full context. Let me understand the task and the autoregen protocol[0m
[2;3m.[0m
[2;3m[0m
[2;3mTarea: BLACKFORGE ÔÇö M├ôDULO ESPECIALIZADO DE CIBERSEGURIDAD. This is GENERATION 1,[0m
[2;3m first session. The task is to FIX THE VISUAL AND STRUCTURAL CONTRACT for BLACKFOR[0m
[2;3mGE (not the full final GUI).[0m
[2;3m[0m
[2;3mThe deliverables (section 14):[0m
[2;3m1. docs/UI_CONTRACT_BLACKFORGE.md[0m
[2;3m2. docs/STYLE_GUIDE_BLACKFORGE.md[0m
[2;3m3. docs/WIDGET_TREE_BLACKFORGE.md[0m
[2;3m4. docs/STATE_MATRIX_BLACKFORGE.md[0m
[2;3m5. optional: data/theme_blackforge.json[0m
[2;3m[0m
[2;3mThe task is documentation/specification only. This is phase 1, generation 1. I need to create[0m
[2;3m checkpoints verificables.[0m
[2;3m[0m
[2;3mThe autoregen protocol says:[0m
[2;3m- Esta es la primera sesi├│n, generaci├│n 1. Empieza desde el primer paso de la tarea[0m
[2;3m y crea checkpoints verificables.[0m
[2;3m- Autorregeneraci├│n SIEMPRE ACTIVA.[0m
[2;3m- No uses --continue ni --resume.[0m
[2;3m- No termines con un resumen ambiguo.[0m
[2;3m[0m
[2;3mBefore finishing, do exactly one of:[0m
[2;3mA) If all task done and verified ÔåÆ write .autoregen/project_completed.json; end with PROJECT[0m
[2;3m_COMPLETED.[0m
[2;3mB) If need clean context ÔåÆ update HANDOFF.md, session_handoff.json, RESUME_NEXT_SESSION.txt[0m
[2;3m, regeneration_request.json; end with CONTEXT_REGENERATION_REQUIRED.[0m
[2;3m[0m
[2;3mNow, this is a documentation/spec task. The deliverables are 4 mandatory docs + 1 optional theme[0m
[2;3m json. This is a substantial amount of content but it's well-defined. I can complete[0m
[2;3m this in this session since it's a documentation task and entirely within context[0m
[2;3m.[0m
[2;3m[0m
[2;3mThe autoregen protocol mentions session health GREEN/YELLOW/RED based on context saturation. Since[0m
[2;3m this is the first session and generation 1, and the task is primarily writing 4 documentation[0m
[2;3m files (which is well-bounded), I should be able to complete it in GREEN health without[0m
[2;3m needing regeneration.[0m
[2;3m[0m
[2;3mLet me plan. The task requires writing a precise visual and structural contract for[0m
[2;3m BLACKFORGE. I need to produce:[0m
[2;3m[0m
[2;3m1. docs/UI_CONTRACT_BLACKFORGE.md ÔÇö visi├│n de dise├▒o, identidad de marca, tokens, layout,[0m
[2;3m navegaci├│n, widgets, estados, reglas de consistencia.[0m
[2;3m2. docs/STYLE_GUIDE_BLACKFORGE.md ÔÇö paleta, tipograf├¡a, radios, spacing, sombras,[0m
[2;3m glow, etc.[0m
[2;3m3. docs/WIDGET_TREE_BLACKFORGE.md ÔÇö mapeo a PySide6 widgets concretos.[0m
[2;3m4. docs/STATE_MATRIX_BLACKFORGE.md ÔÇö estados visuales obligatorios.[0m
[2;3m5. data/theme_blackforge.json ÔÇö optional but recommended (theme tokens as JSON, useful[0m
[2;3m for PySide6 implementation).[0m
[2;3m[0m
[2;3mThe task references "la segunda imagen aportada por el usuario" (the second image provided[0m
[2;3m by user) ÔÇö a hero image of a "criba" (screening machine). I don't have access to that[0m
[2;3m image. I should note this as a constraint/blocker but it doesn't prevent me from fixing[0m
[2;3m the visual contract (I describe the hero image usage). Actually, the task says "de[0m
[2;3mbes conservar expl├¡citamente la imagen de fondo/hero de una 'criba'". I don't have[0m
[2;3m the image file. Let me check if there's an image in the project. Let me look at the project[0m
[2;3m structure first.[0m
[2;3m[0m
[2;3mLet me first explore the project to understand context ÔÇö is there a CRIBA existing[0m
[2;3m app? Is there an existing style guide? Is there an image asset of the criba? Let[0m
[2;3m me check.[0m
[2;3m[0m
[2;3mLet me also check if there's a docs/ folder, data/ folder, etc.[0m
[2;3m[0m
[2;3mLet me do initial exploration. Since I'm in GREEN (first session, clear context), I should[0m
[2;3m explore the repo to understand what exists (CRIBA's existing visual language etc[0m
[2;3m.) before writing the contract. The task says BLACKFORGE must feel like a sibling[0m
[2;3m of CRIBA, so understanding CRIBA's existing design is useful.[0m
[2;3m[0m
[2;3mLet me[0m
[2;3mÔööÔöÇÔöÇÔöÇÔöÇÔöÇÔöÇÔöÇÔöÇÔöÇÔöÇÔöÇÔöÇÔöÇÔöÇÔöÇÔöÇÔöÇÔöÇÔöÇÔöÇÔöÇÔöÇÔöÇÔöÇÔöÇÔöÇÔöÇÔöÇÔöÇÔöÇÔöÇÔöÇÔöÇÔöÇÔöÇÔöÇÔöÇÔöÇÔöÇÔöÇÔöÇÔöÇÔöÇÔöÇÔöÇÔöÇÔöÇÔöÇÔöÇÔöÇÔöÇÔöÇÔöÇÔöÇÔöÇÔöÇÔöÇÔöÇÔöÇÔöÇÔöÇÔöÇÔöÇÔöÇÔöÇÔöÇÔöÇÔöÇÔöÇÔöÇÔöÇÔöÇÔöÇÔöÇÔöÇÔöÇÔöÇÔöÇÔöÿ[0m

[1;38;2;255;215;0mÔò¡ÔöÇ ÔÜò Hermes ÔöÇÔöÇÔöÇÔöÇÔöÇÔöÇÔöÇÔöÇÔöÇÔöÇÔöÇÔöÇÔöÇÔöÇÔöÇÔöÇÔöÇÔöÇÔöÇÔöÇÔöÇÔöÇÔöÇÔöÇÔöÇÔöÇÔöÇÔöÇÔöÇÔöÇÔöÇÔöÇÔöÇÔöÇÔöÇÔöÇÔöÇÔöÇÔöÇÔöÇÔöÇÔöÇÔöÇÔöÇÔöÇÔöÇÔöÇÔöÇÔöÇÔöÇÔöÇÔöÇÔöÇÔöÇÔöÇÔöÇÔöÇÔöÇÔöÇÔöÇÔöÇÔöÇÔöÇÔöÇÔöÇÔöÇÔöÇÔò«[0m
    [38;2;255;248;220mYa tengo el contexto completo de la tarea. Es la generaci├│n 1, primera sesi├│n, fase de fijar el contrato visual y estructural de BLACKFORGE (NO implementar la GUI final todav├¡a). Los entregables obligatorios son 4 documentos en docs/ + 1 theme JSON opcional.[0m
    [38;2;255;248;220m[0m
    [38;2;255;248;220mAntes de escribir, exploro el proyecto para entender el ecosistema CRIBA[0m
    [38;2;255;248;220mexistente (la tarea dice BLACKFORGE debe sentirse "hermano de CRIBA") y[0m
  Ôöè ­ƒöÄ preparing search_filesÔÇª
    [38;2;255;248;220mver si existe el asset de la "criba".[0m
[1;38;2;255;215;0mÔò░ÔöÇÔöÇÔöÇÔöÇÔöÇÔöÇÔöÇÔöÇÔöÇÔöÇÔöÇÔöÇÔöÇÔöÇÔöÇÔöÇÔöÇÔöÇÔöÇÔöÇÔöÇÔöÇÔöÇÔöÇÔöÇÔöÇÔöÇÔöÇÔöÇÔöÇÔöÇÔöÇÔöÇÔöÇÔöÇÔöÇÔöÇÔöÇÔöÇÔöÇÔöÇÔöÇÔöÇÔöÇÔöÇÔöÇÔöÇÔöÇÔöÇÔöÇÔöÇÔöÇÔöÇÔöÇÔöÇÔöÇÔöÇÔöÇÔöÇÔöÇÔöÇÔöÇÔöÇÔöÇÔöÇÔöÇÔöÇÔöÇÔöÇÔöÇÔöÇÔöÇÔöÇÔöÇÔöÇÔöÇÔöÇÔöÇÔò»[0m
  Ôöè ­ƒöÄ preparing search_filesÔÇª
  Ôöè ­ƒöÄ find      *  1.0s
  Ôöè ­ƒöÄ find      \.(png|jpg|jpeg|svg|webp|gif)$  0.9s

[2;3mÔöîÔöÇ Reasoning ÔöÇÔöÇÔöÇÔöÇÔöÇÔöÇÔöÇÔöÇÔöÇÔöÇÔöÇÔöÇÔöÇÔöÇÔöÇÔöÇÔöÇÔöÇÔöÇÔöÇÔöÇÔöÇÔöÇÔöÇÔöÇÔöÇÔöÇÔöÇÔöÇÔöÇÔöÇÔöÇÔöÇÔöÇÔöÇÔöÇÔöÇÔöÇÔöÇÔöÇÔöÇÔöÇÔöÇÔöÇÔöÇÔöÇÔöÇÔöÇÔöÇÔöÇÔöÇÔöÇÔöÇÔöÇÔöÇÔöÇÔöÇÔöÇÔöÇÔöÇÔöÇÔöÇÔöÇÔöÇÔöÇÔöÇÔöÉ[0m
[2;3mThere's an existing CRIBA ecosystem. I should read the existing CRIBA docs to maintain[0m
[2;3m consistency: `docs/UI_CONTRACT_CRIBA.md`, `docs/STYLE_GUIDE_CRIBA.md`, `docs/WIDGET[0m
[2;3m_TREE_CRIBA.md`, `docs/STATE_MATRIX_CRIBA.md`, and the theme `data/theme_criba.json`.[0m
[2;3m Also there's a verification script `scripts/verify_ui_contract.py`. These are important[0m
[2;3m to mirror the structure and to make BLACKFORGE consistent as a "brother" of CRIBA[0m
[2;3m.[0m
[2;3m[0m
[2;3mNo image asset found in the search (the search for images returned 0, but that's odd[0m
[2;3m ÔÇö maybe the pattern didn't match because of path. Let me note: there are .png files[0m
[2;3m in root: evidence_diag_tooltip.png, evidence_diag_simple.png, evidence_simple_fixed.png[0m
[2;3m. But none is "the criba hero image". The task says "Usa como referencia est├®tica principal[0m
[2;3m la segunda imagen aportada por el usuario" - the user provided an image but it's not[0m
[2;3m in the repo. The hero image of a "criba" (sieve/screening machine) - I should reference it[0m
[2;3m but I don't have it. I'll note this as a block/assumption: the hero image asset should[0m
[2;3m be supplied; in the contract I'll specify the path/expected asset and a placeholder strategy[0m
[2;3m.[0m
[2;3m[0m
[2;3mLet me read the CRIBA docs to match the contract structure. Let me read them in parallel.[0m
[2;3m Also read the verify script to understand the verification gate.[0m
[2;3m[0m
[2;3mThis is a documentation/specification task (no GUI implementation). The deliverables are[0m
[2;3m 4 markdown docs + optional theme json. I should produce these with high quality and[0m
[2;3m verifiable structure. The AUTOREGEN protocol requires checkpoints. Since this is[0m
[2;3m generation 1 and the task is fully documentable, I should aim to complete all deliver[0m
[2;3mables and write project_completed.json, ending with PROJECT_COMPLETED.[0m
[2;3m[0m
[2;3mBut wait ÔÇö the task is fairly large. However, it's documentation. I can produce all [0m
[2;3m4 docs + theme. Let me be thorough. I'll also create a verification approach. There[0m
[2;3m's `scripts/verify_ui_contract.py` ÔÇö let me read it to understand if there's a gate[0m
[2;3m. Let me read the CRIBA docs and script.[0m
[2;3m[0m
[2;3mLet me read the key files.[0m
[2;3mÔööÔöÇÔöÇÔöÇÔöÇÔöÇÔöÇÔöÇÔöÇÔöÇÔöÇÔöÇÔöÇÔöÇÔöÇÔöÇÔöÇÔöÇÔöÇÔöÇÔöÇÔöÇÔöÇÔöÇÔöÇÔöÇÔöÇÔöÇÔöÇÔöÇÔöÇÔöÇÔöÇÔöÇÔöÇÔöÇÔöÇÔöÇÔöÇÔöÇÔöÇÔöÇÔöÇÔöÇÔöÇÔöÇÔöÇÔöÇÔöÇÔöÇÔöÇÔöÇÔöÇÔöÇÔöÇÔöÇÔöÇÔöÇÔöÇÔöÇÔöÇÔöÇÔöÇÔöÇÔöÇÔöÇÔöÇÔöÇÔöÇÔöÇÔöÇÔöÇÔöÇÔöÇÔöÇÔöÇÔöÇÔöÇÔöÇÔöÿ[0m

[1;38;2;255;215;0mÔò¡ÔöÇ ÔÜò Hermes ÔöÇÔöÇÔöÇÔöÇÔöÇÔöÇÔöÇÔöÇÔöÇÔöÇÔöÇÔöÇÔöÇÔöÇÔöÇÔöÇÔöÇÔöÇÔöÇÔöÇÔöÇÔöÇÔöÇÔöÇÔöÇÔöÇÔöÇÔöÇÔöÇÔöÇÔöÇÔöÇÔöÇÔöÇÔöÇÔöÇÔöÇÔöÇÔöÇÔöÇÔöÇÔöÇÔöÇÔöÇÔöÇÔöÇÔöÇÔöÇÔöÇÔöÇÔöÇÔöÇÔöÇÔöÇÔöÇÔöÇÔöÇÔöÇÔöÇÔöÇÔöÇÔöÇÔöÇÔöÇÔöÇÔöÇÔöÇÔò«[0m
    [38;2;255;248;220mEl ecosistema CRIBA ya existe con documentos hermanos[0m
    [38;2;255;248;220m(UI_CONTRACT_CRIBA.md, etc.) y un theme data/theme_criba.json. Para[0m
    [38;2;255;248;220mque BLACKFORGE sea "hermano de CRIBA" debo espejar esa estructura. Leo[0m
  Ôöè ­ƒôû preparing read_fileÔÇª
    [38;2;255;248;220mlos documentos CRIBA y el script de verificaci├│n.[0m
[1;38;2;255;215;0mÔò░ÔöÇÔöÇÔöÇÔöÇÔöÇÔöÇÔöÇÔöÇÔöÇÔöÇÔöÇÔöÇÔöÇÔöÇÔöÇÔöÇÔöÇÔöÇÔöÇÔöÇÔöÇÔöÇÔöÇÔöÇÔöÇÔöÇÔöÇÔöÇÔöÇÔöÇÔöÇÔöÇÔöÇÔöÇÔöÇÔöÇÔöÇÔöÇÔöÇÔöÇÔöÇÔöÇÔöÇÔöÇÔöÇÔöÇÔöÇÔöÇÔöÇÔöÇÔöÇÔöÇÔöÇÔöÇÔöÇÔöÇÔöÇÔöÇÔöÇÔöÇÔöÇÔöÇÔöÇÔöÇÔöÇÔöÇÔöÇÔöÇÔöÇÔöÇÔöÇÔöÇÔöÇÔöÇÔöÇÔöÇÔöÇÔöÇÔò»[0m
  Ôöè ­ƒôû preparing read_fileÔÇª
  Ôöè ­ƒôû preparing read_fileÔÇª
  Ôöè ­ƒôû read      theme_criba.json  1.1s
  Ôöè ­ƒôû read      UI_CONTRACT_CRIBA.md  1.1s
  Ôöè ­ƒôû read      verify_ui_contract.py  1.1s

[2;3mÔöîÔöÇ Reasoning ÔöÇÔöÇÔöÇÔöÇÔöÇÔöÇÔöÇÔöÇÔöÇÔöÇÔöÇÔöÇÔöÇÔöÇÔöÇÔöÇÔöÇÔöÇÔöÇÔöÇÔöÇÔöÇÔöÇÔöÇÔöÇÔöÇÔöÇÔöÇÔöÇÔöÇÔöÇÔöÇÔöÇÔöÇÔöÇÔöÇÔöÇÔöÇÔöÇÔöÇÔöÇÔöÇÔöÇÔöÇÔöÇÔöÇÔöÇÔöÇÔöÇÔöÇÔöÇÔöÇÔöÇÔöÇÔöÇÔöÇÔöÇÔöÇÔöÇÔöÇÔöÇÔöÇÔöÇÔöÇÔöÇÔöÇÔöÉ[0m
[2;3mNow I understand the structure deeply. CRIBA has:[0m
[2;3m- theme_criba.json (cyan/violet/blue neon dark premium)[0m
[2;3m- UI_CONTRACT_CRIBA.md (5 zones A-E, 7 buttons, 4 central blocks, 4 right blocks)[0m
[2;3m- A verify script `verify_ui_contract.py` that gates on CRIBA files.[0m
[2;3m[0m
[2;3mFor BLACKFORGE, I need to create the parallel set:[0m
[2;3m1. docs/UI_CONTRACT_BLACKFORGE.md[0m
[2;3m2. docs/STYLE_GUIDE_BLACKFORGE.md[0m
[2;3m3. docs/WIDGET_TREE_BLACKFORGE.md[0m
[2;3m4. docs/STATE_MATRIX_BLACKFORGE.md[0m
[2;3m5. data/theme_blackforge.json (optional but I'll do it)[0m
[2;3m[0m
[2;3mThe key constraints from the task:[0m
[2;3m- Keep black + orange palette[0m
[2;3m- Keep the "criba" hero image[0m
[2;3m- Reinterpret content toward cybersecurity/devtools/lab[0m
[2;3m- Navigation: Resumen, Reconocimiento, Vectores, Simulaci├│n, Contramedidas, Labor[0m
[2;3matorio, Historial, Volver a CRIBA (8 items)[0m
[2;3m- Define tokens specific to BLACKFORGE (not just reusing CRIBA's)[0m
[2;3m- Specific tokens listed in section 4[0m
[2;3m- Layout: A sidebar, B top bar, C hero central, D right upper, E right middle, F right[0m
[2;3m lower, G bottom central, H footer[0m
[2;3m- States: 11 states in section 13[0m
[2;3m- Map to PySide6 widgets[0m
[2;3m- Resolutions 1360x768 and 1680x1050[0m
[2;3m[0m
[2;3mThe CRIBA theme already has a `blackforge` gradient defined: `["#8B5CF6", "#EC4899[0m
[2;3m"]` (violetÔåÆpink). But the task says BLACKFORGE should be black+orange. Hmm. The CRI[0m
[2;3mBA theme's "blackforge" gradient is violetÔåÆpink, which is leftover from an earlier concept[0m
[2;3m. But the task explicitly says: keep black + orange palette; change the palette to black[0m
[2;3m+orange if it was something else (rule 15: "cambiar la paleta negro+naranja" is listed[0m
[2;3m as NOT allowed). Wait ÔÇö rule 15 says things NOT allowed: "cambiar la paleta negro[0m
[2;3m+naranja" = "change the black+orange palette" is forbidden. So BLACKFORGE MUST keep[0m
[2;3m black+naranja.[0m
[2;3m[0m
[2;3mSo the CRIBA theme's existing `blackforge` gradient (violet-pink) is from an old concept and[0m
[2;3m conflicts with the task. The task is the authoritative current instruction. I'll[0m
[2;3m define BLACKFORGE's own theme with black+naranja. That's the explicit requirement:[0m
[2;3m "mantiene la paleta negro+naranja".[0m
[2;3m[0m
[2;3mNow, how to verify? There's a `verify_ui_contract.py` for CRIBA. For BLACKFORGE, the[0m
[2;3m task's section 14 says produce those 4 docs + optional theme. There's no explicit automated[0m
[2;3m gate given for BLACKFORGE in the task, but the autoregen protocol requires "check[0m
[2;3mpoints verificables" and "gates reproducibles". I should write my own verification[0m
[2;3m script (or verify manually) that the 5 files exist, are non-empty, contain required[0m
[2;3m tokens/sections/navigation/states/widgets, and that theme_blackforge.json has the[0m
[2;3m required tokens from section 4.[0m
[2;3m[0m
[2;3mLet me design a verification gate for BLACKFORGE. I'll create `scripts/verify_ui_contract[0m
[2;3m_blackforge.py`.[0m
[2;3m[0m
[2;3mLet me think about the required content to make the gate robust and faithful to the task[0m
[2;3m:[0m
[2;3m[0m
[2;3mSection 4 tokens (required in theme_blackforge.json):[0m
[2;3m- color.bg.app[0m
[2;3m- color.bg.panel[0m
[2;3m- color.bg.hero[0m
[2;3m- color.bg.card[0m
[2;3m- color.bg.card.hover[0m
[2;3m- color.border.soft[0m
[2;3m- color.border.active[0m
[2;3m- color.text.primary[0m
[2;3m- color.text.secondary[0m
[2;3m- color.text.muted[0m
[2;3m- color.accent.orange[0m
[2;3m- color.accent.orange.dim[0m
[2;3m- color.accent.orange.glow[0m
[2;3m- color.success[0m
[2;3m- color.warning[0m
[2;3m- color.error[0m
[2;3m- color.chart.orange[0m
[2;3m- color.chart.neutral[0m
[2;3m- color.chart.green[0m
[2;3m- color.chart.red[0m
[2;3m[0m
[2;3mPlus radius, spacing, shadow, glow naranja, typography, icon sizes.[0m
[2;3m[0m
[2;3mSection 7 navigation (8 items):[0m
[2;3m1. Resumen[0m
[2;3m2. Reconocimiento[0m
[2;3m3. Vectores[0m
[2;3m4. Simulaci├│n[0m
[2;3m5. Contramedidas[0m
[2;3m6. Laboratorio[0m
[2;3m7. Historial[0m
[2;3m8. Volver a CRIBA[0m
[2;3m[0m
[2;3mSection 13 states (11 states):[0m
[2;3m- modo resumen[0m
[2;3m- sin sesi├│n activa[0m
[2;3m- sesi├│n operativa[0m
[2;3m- simulaci├│n ejecut├índose[0m
[2;3m- laboratorio listo[0m
[2;3m- revisi├│n manual requerida[0m
[2;3m- autorizaci├│n faltante[0m
[2;3m- sandbox no disponible[0m
[2;3m- sin alertas[0m
[2;3m- alerta cr├¡tica[0m
[2;3m- vuelta a CRIBA[0m
[2;3m[0m
[2;3mSection 11 PySide6 widgets:[0m
[2;3m- QMainWindow[0m
[2;3m- QWidget central[0m
[2;3m- QHBoxLayout / QVBoxLayout[0m
[2;3m- Sidebar QFrame[0m
[2;3m- Hero panel QFrame with QLabel/QPixmap[0m
[2;3m- Cards reutilizables[0m
[2;3m- QScrollArea[0m
[2;3m- botones de navegaci├│n[0m
[2;3m- peque├▒os charts o placeholders chart[0m
[2;3m- summary cards[0m
[2;3m- badges de estado[0m
[2;3m- footer t├®cnico[0m
[2;3m- stacked pages internas por secci├│n[0m
[2;3m[0m
[2;3mSection 6 layout zones: A sidebar, B top bar, C hero central, D right upper, E right middle[0m
[2;3m, F right lower, G bottom central, H footer strip.[0m
[2;3m[0m
[2;3mNow I need to also handle the "criba" hero image. The task says conserve the hero[0m
[2;3m image of a "criba" or screening machine. There's no image file in the repo (search[0m
[2;3m for images returned 0). I should reference it as an asset path and note it must be placed[0m
[2;3m at e.g. `assets/hero_blackforge.png` or similar. I should NOT fabricate a binary image[0m
[2;3m. I'll document the requirement and reference a placeholder path, and note it's an[0m
[2;3m asset to be supplied. Actually, I could generate the hero image? The task says "conserv[0m
[2;3ma expl├¡citamente ... la imagen de fondo/hero de una 'criba' o m├íquina cribadora".[0m
[2;3m It's a user-supplied reference image. I don't have it. I'll reference it as `assets/[0m
[2;3mblackforge/hero_criba.png` and document that the asset must be placed there. I should[0m
[2;3m note the dependency clearly. That's honest.[0m
[2;3m[0m
[2;3mNow, the CRIBA verify script compares cross-checks. For BLACKFORGE I'll build a parallel[0m
[2;3m gate.[0m
[2;3m[0m
[2;3mLet me also check the existing HANDOFF.md and supervisor_state to understand prior[0m
[2;3m state (first session, so probably minimal). But the task says first session generation[0m
[2;3m 1, start from first step. Let me quickly read HANDOFF.md and supervisor_state.json[0m
[2;3m to be safe, plus STYLE_GUIDE_CRIBA and WIDGET_TREE_CRIBA and STATE_MATRIX_CRIBA to[0m
[2;3m mirror structure precisely.[0m
[2;3m[0m
[2;3mActually, I have enough to mirror structure from UI_CONTRACT_CRIBA. But to make BL[0m
[2;3mACKFORGE docs faithful and parallel to CRIBA, reading the other 3 CRIBA docs would[0m
[2;3m help me match format. Let me read them in parallel. Also read HANDOFF.md and supervisor[0m
[2;3m_state.json and STATE_MATRIX_CRIBA to know the 10 states format.[0m
[2;3m[0m
[2;3mLet me batch read these[0m
[2;3mÔööÔöÇÔöÇÔöÇÔöÇÔöÇÔöÇÔöÇÔöÇÔöÇÔöÇÔöÇÔöÇÔöÇÔöÇÔöÇÔöÇÔöÇÔöÇÔöÇÔöÇÔöÇÔöÇÔöÇÔöÇÔöÇÔöÇÔöÇÔöÇÔöÇÔöÇÔöÇÔöÇÔöÇÔöÇÔöÇÔöÇÔöÇÔöÇÔöÇÔöÇÔöÇÔöÇÔöÇÔöÇÔöÇÔöÇÔöÇÔöÇÔöÇÔöÇÔöÇÔöÇÔöÇÔöÇÔöÇÔöÇÔöÇÔöÇÔöÇÔöÇÔöÇÔöÇÔöÇÔöÇÔöÇÔöÇÔöÇÔöÇÔöÇÔöÇÔöÇÔöÇÔöÇÔöÇÔöÇÔöÇÔöÇÔöÇÔöÿ[0m

[1;38;2;255;215;0mÔò¡ÔöÇ ÔÜò Hermes ÔöÇÔöÇÔöÇÔöÇÔöÇÔöÇÔöÇÔöÇÔöÇÔöÇÔöÇÔöÇÔöÇÔöÇÔöÇÔöÇÔöÇÔöÇÔöÇÔöÇÔöÇÔöÇÔöÇÔöÇÔöÇÔöÇÔöÇÔöÇÔöÇÔöÇÔöÇÔöÇÔöÇÔöÇÔöÇÔöÇÔöÇÔöÇÔöÇÔöÇÔöÇÔöÇÔöÇÔöÇÔöÇÔöÇÔöÇÔöÇÔöÇÔöÇÔöÇÔöÇÔöÇÔöÇÔöÇÔöÇÔöÇÔöÇÔöÇÔöÇÔöÇÔöÇÔöÇÔöÇÔöÇÔöÇÔöÇÔò«[0m
    [38;2;255;248;220mEntiendo bien el ecosistema. CRIBA ya tiene su contrato[0m
    [38;2;255;248;220m(cyan/violeta/azul) y un script de gate. BLACKFORGE debe ser su "hermano"[0m
    [38;2;255;248;220mpero con paleta negro+naranja y la imagen de la criba como hero.[0m
    [38;2;255;248;220mNecesito espejar el formato exacto de los 3 docs CRIBA restantes y[0m
  Ôöè ­ƒôû preparing read_fileÔÇª
    [38;2;255;248;220mrevisar el estado previo. Leo en paralelo.[0m
[1;38;2;255;215;0mÔò░ÔöÇÔöÇÔöÇÔöÇÔöÇÔöÇÔöÇÔöÇÔöÇÔöÇÔöÇÔöÇÔöÇÔöÇÔöÇÔöÇÔöÇÔöÇÔöÇÔöÇÔöÇÔöÇÔöÇÔöÇÔöÇÔöÇÔöÇÔöÇÔöÇÔöÇÔöÇÔöÇÔöÇÔöÇÔöÇÔöÇÔöÇÔöÇÔöÇÔöÇÔöÇÔöÇÔöÇÔöÇÔöÇÔöÇÔöÇÔöÇÔöÇÔöÇÔöÇÔöÇÔöÇÔöÇÔöÇÔöÇÔöÇÔöÇÔöÇÔöÇÔöÇÔöÇÔöÇÔöÇÔöÇÔöÇÔöÇÔöÇÔöÇÔöÇÔöÇÔöÇÔöÇÔöÇÔöÇÔöÇÔöÇÔöÇÔò»[0m
  Ôöè ­ƒôû preparing read_fileÔÇª
  Ôöè ­ƒôû preparing read_fileÔÇª
  Ôöè ­ƒôû preparing read_fileÔÇª
