Query: Trabaja exclusivamente sobre:

E:\PROYECTS\CRIBA

Lee completos desde disco, en este orden:

1. E:\PROYECTS\CRIBA\01_TAREA_ACTUAL.txt
2. E:\PROYECTS\CRIBA\.autoregen\AUTOREGEN_GLOBAL.txt

Esta es una sesi├│n limpia de continuaci├│n, generaci├│n 1.
Despu├®s de leer la tarea y el protocolo, lee HANDOFF.md y
.autoregen/session_handoff.json. RESUME_NEXT_SESSION.txt no existe; contin├║a 
desde next_exact_action del estado JSON y HANDOFF.md.
Verifica el estado real. No repitas fases VERIFIED. Contin├║a exactamente desde
next_exact_action.

La autorregeneraci├│n est├í SIEMPRE ACTIVA.
No uses --continue ni --resume.
No termines con un resumen ambiguo.

Antes de finalizar debes hacer exactamente una de estas tres cosas:

A) Si toda la tarea est├í terminada y verificada:
- escribir .autoregen/project_completed.json;
- terminar con PROJECT_COMPLETED.

B) Si necesitas contexto limpio:
- actualizar HANDOFF.md;
- escribir .autoregen/session_handoff.json;
- escribir RESUME_NEXT_SESSION.txt;
- escribir .autoregen/regeneration_request.json;
- terminar con CONTEXT_REGENERATION_REQUIRED.

C) Si existe una decisi├│n humana realmente bloqueante:
- actualizar HANDOFF.md;
- escribir .autoregen/session_handoff.json;
- escribir .autoregen/human_decision_required.json;
- terminar con HUMAN_DECISION_REQUIRED o con la se├▒al espec├¡fica exigida por
  la tarea, por ejemplo BASELINE_DECISION_REQUIRED.

Despu├®s de emitir cualquiera de esas se├▒ales, no ejecutes m├ís herramientas ni
a├▒adas m├ís texto.

Empieza ahora.
[2;3mInitializing agent...[0m
[38;2;255;191;0mÔöÇÔöÇÔöÇÔöÇÔöÇÔöÇÔöÇÔöÇÔöÇÔöÇÔöÇÔöÇÔöÇÔöÇÔöÇÔöÇÔöÇÔöÇÔöÇÔöÇÔöÇÔöÇÔöÇÔöÇÔöÇÔöÇÔöÇÔöÇÔöÇÔöÇÔöÇÔöÇÔöÇÔöÇÔöÇÔöÇÔöÇÔöÇÔöÇÔöÇ[0m


[2;3mÔöîÔöÇ Reasoning ÔöÇÔöÇÔöÇÔöÇÔöÇÔöÇÔöÇÔöÇÔöÇÔöÇÔöÇÔöÇÔöÇÔöÇÔöÇÔöÇÔöÇÔöÇÔöÇÔöÇÔöÇÔöÇÔöÇÔöÇÔöÇÔöÇÔöÇÔöÇÔöÇÔöÇÔöÇÔöÇÔöÇÔöÇÔöÇÔöÇÔöÇÔöÇÔöÇÔöÇÔöÇÔöÇÔöÇÔöÇÔöÇÔöÇÔöÇÔöÇÔöÇÔöÇÔöÇÔöÇÔöÇÔöÇÔöÇÔöÇÔöÇÔöÇÔöÇÔöÇÔöÇÔöÇÔöÇÔöÇÔöÇÔöÇÔöÉ[0m
[2;3mLet me start by reading the files in the specified order. Let me read the task and protocol[0m
[2;3m files first[0m
[2;3mÔööÔöÇÔöÇÔöÇÔöÇÔöÇÔöÇÔöÇÔöÇÔöÇÔöÇÔöÇÔöÇÔöÇÔöÇÔöÇÔöÇÔöÇÔöÇÔöÇÔöÇÔöÇÔöÇÔöÇÔöÇÔöÇÔöÇÔöÇÔöÇÔöÇÔöÇÔöÇÔöÇÔöÇÔöÇÔöÇÔöÇÔöÇÔöÇÔöÇÔöÇÔöÇÔöÇÔöÇÔöÇÔöÇÔöÇÔöÇÔöÇÔöÇÔöÇÔöÇÔöÇÔöÇÔöÇÔöÇÔöÇÔöÇÔöÇÔöÇÔöÇÔöÇÔöÇÔöÇÔöÇÔöÇÔöÇÔöÇÔöÇÔöÇÔöÇÔöÇÔöÇÔöÇÔöÇÔöÇÔöÇÔöÇÔöÇÔöÿ[0m

[1;38;2;255;215;0mÔò¡ÔöÇ ÔÜò Hermes ÔöÇÔöÇÔöÇÔöÇÔöÇÔöÇÔöÇÔöÇÔöÇÔöÇÔöÇÔöÇÔöÇÔöÇÔöÇÔöÇÔöÇÔöÇÔöÇÔöÇÔöÇÔöÇÔöÇÔöÇÔöÇÔöÇÔöÇÔöÇÔöÇÔöÇÔöÇÔöÇÔöÇÔöÇÔöÇÔöÇÔöÇÔöÇÔöÇÔöÇÔöÇÔöÇÔöÇÔöÇÔöÇÔöÇÔöÇÔöÇÔöÇÔöÇÔöÇÔöÇÔöÇÔöÇÔöÇÔöÇÔöÇÔöÇÔöÇÔöÇÔöÇÔöÇÔöÇÔöÇÔöÇÔöÇÔöÇÔò«[0m
  Ôöè ­ƒôû preparing read_fileÔÇª
    [38;2;255;248;220mVoy a leer los archivos en el orden especificado.[0m
[1;38;2;255;215;0mÔò░ÔöÇÔöÇÔöÇÔöÇÔöÇÔöÇÔöÇÔöÇÔöÇÔöÇÔöÇÔöÇÔöÇÔöÇÔöÇÔöÇÔöÇÔöÇÔöÇÔöÇÔöÇÔöÇÔöÇÔöÇÔöÇÔöÇÔöÇÔöÇÔöÇÔöÇÔöÇÔöÇÔöÇÔöÇÔöÇÔöÇÔöÇÔöÇÔöÇÔöÇÔöÇÔöÇÔöÇÔöÇÔöÇÔöÇÔöÇÔöÇÔöÇÔöÇÔöÇÔöÇÔöÇÔöÇÔöÇÔöÇÔöÇÔöÇÔöÇÔöÇÔöÇÔöÇÔöÇÔöÇÔöÇÔöÇÔöÇÔöÇÔöÇÔöÇÔöÇÔöÇÔöÇÔöÇÔöÇÔöÇÔöÇÔöÇÔò»[0m
  Ôöè ­ƒôû preparing read_fileÔÇª
  Ôöè ­ƒôû read      01_TAREA_ACTUAL.txt  1.7s
  Ôöè ­ƒôû read      AUTOREGEN_GLOBAL.txt  1.7s

[2;3mÔöîÔöÇ Reasoning ÔöÇÔöÇÔöÇÔöÇÔöÇÔöÇÔöÇÔöÇÔöÇÔöÇÔöÇÔöÇÔöÇÔöÇÔöÇÔöÇÔöÇÔöÇÔöÇÔöÇÔöÇÔöÇÔöÇÔöÇÔöÇÔöÇÔöÇÔöÇÔöÇÔöÇÔöÇÔöÇÔöÇÔöÇÔöÇÔöÇÔöÇÔöÇÔöÇÔöÇÔöÇÔöÇÔöÇÔöÇÔöÇÔöÇÔöÇÔöÇÔöÇÔöÇÔöÇÔöÇÔöÇÔöÇÔöÇÔöÇÔöÇÔöÇÔöÇÔöÇÔöÇÔöÇÔöÇÔöÇÔöÇÔöÇÔöÉ[0m
[2;3mNow let me read HANDOFF.md and the session_handoff.json to understand the current[0m
[2;3mÔööÔöÇÔöÇÔöÇÔöÇÔöÇÔöÇÔöÇÔöÇÔöÇÔöÇÔöÇÔöÇÔöÇÔöÇÔöÇÔöÇÔöÇÔöÇÔöÇÔöÇÔöÇÔöÇÔöÇÔöÇÔöÇÔöÇÔöÇÔöÇÔöÇÔöÇÔöÇÔöÇÔöÇÔöÇÔöÇÔöÇÔöÇÔöÇÔöÇÔöÇÔöÇÔöÇÔöÇÔöÇÔöÇÔöÇÔöÇÔöÇÔöÇÔöÇÔöÇÔöÇÔöÇÔöÇÔöÇÔöÇÔöÇÔöÇÔöÇÔöÇÔöÇÔöÇÔöÇÔöÇÔöÇÔöÇÔöÇÔöÇÔöÇÔöÇÔöÇÔöÇÔöÇÔöÇÔöÇÔöÇÔöÇÔöÇÔöÿ[0m

[1;38;2;255;215;0mÔò¡ÔöÇ ÔÜò Hermes ÔöÇÔöÇÔöÇÔöÇÔöÇÔöÇÔöÇÔöÇÔöÇÔöÇÔöÇÔöÇÔöÇÔöÇÔöÇÔöÇÔöÇÔöÇÔöÇÔöÇÔöÇÔöÇÔöÇÔöÇÔöÇÔöÇÔöÇÔöÇÔöÇÔöÇÔöÇÔöÇÔöÇÔöÇÔöÇÔöÇÔöÇÔöÇÔöÇÔöÇÔöÇÔöÇÔöÇÔöÇÔöÇÔöÇÔöÇÔöÇÔöÇÔöÇÔöÇÔöÇÔöÇÔöÇÔöÇÔöÇÔöÇÔöÇÔöÇÔöÇÔöÇÔöÇÔöÇÔöÇÔöÇÔöÇÔöÇÔò«[0m
  Ôöè ­ƒôû preparing read_fileÔÇª
    [38;2;255;248;220mAhora leo el HANDOFF y el estado estructurado.[0m
[1;38;2;255;215;0mÔò░ÔöÇÔöÇÔöÇÔöÇÔöÇÔöÇÔöÇÔöÇÔöÇÔöÇÔöÇÔöÇÔöÇÔöÇÔöÇÔöÇÔöÇÔöÇÔöÇÔöÇÔöÇÔöÇÔöÇÔöÇÔöÇÔöÇÔöÇÔöÇÔöÇÔöÇÔöÇÔöÇÔöÇÔöÇÔöÇÔöÇÔöÇÔöÇÔöÇÔöÇÔöÇÔöÇÔöÇÔöÇÔöÇÔöÇÔöÇÔöÇÔöÇÔöÇÔöÇÔöÇÔöÇÔöÇÔöÇÔöÇÔöÇÔöÇÔöÇÔöÇÔöÇÔöÇÔöÇÔöÇÔöÇÔöÇÔöÇÔöÇÔöÇÔöÇÔöÇÔöÇÔöÇÔöÇÔöÇÔöÇÔöÇÔöÇÔò»[0m
  Ôöè ­ƒôû preparing read_fileÔÇª
  Ôöè ­ƒôû read      HANDOFF.md  1.1s
  Ôöè ­ƒôû read      session_handoff.json  1.1s

[2;3mÔöîÔöÇ Reasoning ÔöÇÔöÇÔöÇÔöÇÔöÇÔöÇÔöÇÔöÇÔöÇÔöÇÔöÇÔöÇÔöÇÔöÇÔöÇÔöÇÔöÇÔöÇÔöÇÔöÇÔöÇÔöÇÔöÇÔöÇÔöÇÔöÇÔöÇÔöÇÔöÇÔöÇÔöÇÔöÇÔöÇÔöÇÔöÇÔöÇÔöÇÔöÇÔöÇÔöÇÔöÇÔöÇÔöÇÔöÇÔöÇÔöÇÔöÇÔöÇÔöÇÔöÇÔöÇÔöÇÔöÇÔöÇÔöÇÔöÇÔöÇÔöÇÔöÇÔöÇÔöÇÔöÇÔöÇÔöÇÔöÇÔöÇÔöÉ[0m
[2;3mNow I understand the situation. The previous session (generaci├│n 1) reportedly COMP[0m
[2;3mLETED the project: it implemented the HIPER_MEGAPROMPT CRIBA/BLACKFORGE (FASE 0-7[0m
[2;3m) and claims 128 tests passing. But the current task (01_TAREA_ACTUAL.txt) is a DIFFER[0m
[2;3mENT task ÔÇö a hardening mission (Staff Engineer) with its own FASE 0-6 checklist.[0m
[2;3m[0m
[2;3mWait, let me re-read. The 01_TAREA_ACTUAL.txt is the current task. It says "ROL: Act├║a[0m
[2;3m como Staff Engineer haciendo hardening de un proyecto ya funcional (CRIBA + BLACK[0m
[2;3mFORGE), tras la decisi├│n ratificada de la alternativa C (pipeline_action separado de[0m
[2;3m recommended_status)."[0m
[2;3m[0m
[2;3mSo this is a HARDENING session. The previous handoff claims the project is COMPLETE[0m
[2;3m with 128 tests. But the current task is the HARDENING which has its own phases F[0m
[2;3mASE 0-6, and the current task's FASE 0 requires git init and baseline commit, FASE [0m
[2;3m1 coverage audit, FASE 2 edge cases, FASE 3 typing, FASE 4 performance, FASE 5 docs[0m
[2;3m, FASE 6 exploration.[0m
[2;3m[0m
[2;3mSo the previous handoff (HANDOFF.md and session_handoff.json) was about a PREVIOUS[0m
[2;3m mission (implementing the HIPER_MEGAPROMPT). But the current 01_TAREA_ACTUAL.txt is[0m
[2;3m a NEW mission (hardening). The session_handoff.json says "project_completed" with[0m
[2;3m the hardening not done.[0m
[2;3m[0m
[2;3mWait ÔÇö but the task says "Esta es una sesi├│n limpia de continuaci├│n, generaci├│n 1."[0m
[2;3m and "RESUME_NEXT_SESSION.txt no existe; contin├║a desde next_exact_action del estado[0m
[2;3m JSON y HANDOFF.md."[0m
[2;3m[0m
[2;3mHmm. The HANDOFF.md and session_handoff.json describe the previous mission completion[0m
[2;3m. But the actual task in 01_TAREA_ACTUAL.txt is the hardening task. There's a discrepancy[0m
[2;3m: the previous handoff says complete, but the new task is a hardening session that hasn[0m
[2;3m't been done.[0m
[2;3m[0m
[2;3mActually, I need to be careful. The instruction says: "Lee completos desde disco...[0m
[2;3m Despu├®s de leer la tarea y el protocolo, lee HANDOFF.md y .autoregen/session_hand[0m
[2;3moff.json. RESUME_NEXT_SESSION.txt no existe; contin├║a desde next_exact_action del estado[0m
[2;3m JSON y HANDOFF.md."[0m
[2;3m[0m
[2;3mSo the HANDOFF.md and session_handoff.json represent the state. But the current task ([0m
[2;3m01_TAREA_ACTUAL.txt) is the actual work to do. The HANDOFF describes the prior mission[0m
[2;3m which was the implementation of HIPER_MEGAPROMPT. The current task is hardening.[0m
[2;3m[0m
[2;3mThe key issue: the previous session emitted PROJECT_COMPLETED for the implementation[0m
[2;3m mission. But now there's a NEW task in 01_TAREA_ACTUAL.txt that is the hardening.[0m
[2;3m So I should treat 01_TAREA_ACTUAL.txt as the authoritative current task. The HANDOFF[0m
[2;3m is from a prior completed mission.[0m
[2;3m[0m
[2;3mBut wait ÔÇö the instruction says "No repitas fases VERIFIED." and "Contin├║a exactamente desde[0m
[2;3m next_exact_action." The next_exact_action says "Ninguna. Misi├│n completa." But that[0m
[2;3m's for the prior mission, not the hardening.[0m
[2;3m[0m
[2;3mThis is confusing. Let me think about what's actually being asked. The 01_TAREA_ACTUAL[0m
[2;3m.txt is the current task. It clearly states phases FASE 0 through FASE 6 for HARDEN[0m
[2;3mING. The previous handoff says the implementation (HIPER_MEGAPROMPT) is complete. So[0m
[2;3m now I need to actually DO the hardening task described in 01_TAREA_ACTUAL.txt.[0m
[2;3m[0m
[2;3mBut the instruction to "contin├║a desde next_exact_action del estado JSON" ÔÇö the state[0m
[2;3m JSON's next_exact_action is "Ninguna" because that's the prior mission. There's a[0m
[2;3m conflict: the prior mission is "complete" but a new task has been placed in 01_T[0m
[2;3mAREA_ACTUAL.txt.[0m
[2;3m[0m
[2;3mHmm, actually I think the scenario is: The 01_TAREA_ACTUAL.txt was modified to be[0m
[2;3m a NEW hardening mission. The autoregen protocol says I should read it and do it. The[0m
[2;3m HANDOFF is stale from the prior mission. Since RESUME_NEXT_SESSION.txt doesn't exist,[0m
[2;3m I continue from the current task.[0m
[2;3m[0m
[2;3mActually, re-reading the protocol: "Si existen HANDOFF.md, .autoregen/session_handoff[0m
[2;3m.json y RESUME_NEXT_SESSION.txt, l├®elos despu├®s, verifica el estado desde archivos y[0m
[2;3m pruebas y contin├║a solo desde la siguiente acci├│n exacta." And the main instruction[0m
[2;3m: "RESUME_NEXT_SESSION.txt no existe; contin├║a desde next_exact_action del estado[0m
[2;3m JSON y HANDOFF.md. Verifica el estado real. No repitas fases VERIFIED. Contin├║a exact[0m
[2;3mamente desde next_exact_action."[0m
[2;3m[0m
[2;3mBut the next_exact_action says "Ninguna. Misi├│n completa." That's contradictory with a[0m
[2;3m new task in 01_TAREA_ACTUAL.txt.[0m
[2;3m[0m
[2;3mI think the correct interpretation: The previous mission (HIPER_MEGAPROMPT implementation[0m
[2;3m) is done and verified. Now there's a genuinely NEW mission file (01_TAREA_ACTUAL.txt[0m
[2;3m = hardening). The protocol's whole point is to handle the actual current task. So[0m
[2;3m I should execute the hardening task. The "next_exact_action" of the OLD handoff being[0m
[2;3m "Ninguna" doesn't apply because there's a new task.[0m
[2;3m[0m
[2;3mBut wait ÔÇö maybe the HANDOFF.md IS the hardening handoff? Let me re-read. No ÔÇö the[0m
[2;3m HANDOFF.md clearly describes "FASE 0 ÔÇö ALTERNATIVA C" through "FASE 7 ÔÇö REGRESION[0m
[2;3m CRIBA" of the HIPER_MEGAPROMPT. That's the implementation mission, not hardening[0m
[2;3m. The hardening task is in 01_TAREA_ACTUAL.txt with its own FASE 0-6.[0m
[2;3m[0m
[2;3mSo there's a genuine transition: the implementation mission was completed in the prior session[0m
[2;3m, and now 01_TAREA_ACTUAL.txt has been rewritten with a new hardening mission. I need[0m
[2;3m to execute the hardening mission from scratch.[0m
[2;3m[0m
[2;3mSo my job: Do the hardening. FASE 0 first: verify git state, init if needed, baseline[0m
[2;3m commit. Then proceed through FASE 1-6.[0m
[2;3m[0m
[2;3mLet me first verify the real state. Let me check the working directory, git status[0m
[2;3m, and the structure of the project. I should also check whether the implementation[0m
[2;3m (blackforge modules) actually exists as the HANDOFF claims, and whether 128 tests[0m
[2;3m pass. This is important per rule: verify the real state.[0m
[2;3m[0m
[2;3mActually, the critical thing: the hardening task's FASE 0 requires git init and baseline commit[0m
[2;3m "antes de tocar nada m├ís." But the HANDOFF claims the project is already complete[0m
[2;3m and committed. Let me check git log to see if there's actually a baseline.[0m
[2;3m[0m
[2;3mWait, there's a subtlety. The instruction at the top says "Verifica el estado real[0m
[2;3m." So I must verify: does the code actually exist? Do 128 tests pass? Is there a git[0m
[2;3m repo? Let me check.[0m
[2;3m[0m
[2;3mLet me be careful about the autosupervision. The current task is the hardening. I[0m
[2;3m'll begin by verifying the real state: git status, project structure, run the test suite[0m
[2;3m to confirm 128 pass.[0m
[2;3m[0m
[2;3mBut actually ÔÇö hold on. There's a really important nuance. The task says this is "[0m
[2;3mgeneraci├│n 1" continuation, and the HANDOFF says project completed. But the 01_TAREA[0m
[2;3m_ACTUAL.txt is the hardening task which the prior session did NOT do (the prior session[0m
[2;3m did the HIPER_MEGAPROMPT implementation). So the hardening is PENDING. I should execute it[0m
[2;3m.[0m
[2;3m[0m
[2;3mLet me verify the real state first. Run git status, git log, ls, and check the test[0m
[2;3m suite. Let me also check that the blackforge modules exist.[0m
[2;3m[0m
[2;3mLet me start with verification before doing anything. I'll batch independent reads[0m
[2;3m/commands.[0m
[2;3m[0m
[2;3mLet me run:[0m
[2;3m- git status[0m
[2;3m- git log --oneline (to see if baseline exists)[0m
[2;3m- ls of project structure[0m
[2;3m- check the test count[0m
[2;3m[0m
[2;3mLet me do these in parallel. But some depend on environment. Let me run git commands[0m
[2;3m and ls.[0m
[2;3m[0m
[2;3mActually, since this is Windows with bash (git-bash/MSYS), python is available as python[0m
[2;3m 3.11.15. Let me check.[0m
[2;3m[0m
[2;3mLet me start the verification.[0m
[2;3mÔööÔöÇÔöÇÔöÇÔöÇÔöÇÔöÇÔöÇÔöÇÔöÇÔöÇÔöÇÔöÇÔöÇÔöÇÔöÇÔöÇÔöÇÔöÇÔöÇÔöÇÔöÇÔöÇÔöÇÔöÇÔöÇÔöÇÔöÇÔöÇÔöÇÔöÇÔöÇÔöÇÔöÇÔöÇÔöÇÔöÇÔöÇÔöÇÔöÇÔöÇÔöÇÔöÇÔöÇÔöÇÔöÇÔöÇÔöÇÔöÇÔöÇÔöÇÔöÇÔöÇÔöÇÔöÇÔöÇÔöÇÔöÇÔöÇÔöÇÔöÇÔöÇÔöÇÔöÇÔöÇÔöÇÔöÇÔöÇÔöÇÔöÇÔöÇÔöÇÔöÇÔöÇÔöÇÔöÇÔöÇÔöÇÔöÇÔöÿ[0m

[1;38;2;255;215;0mÔò¡ÔöÇ ÔÜò Hermes ÔöÇÔöÇÔöÇÔöÇÔöÇÔöÇÔöÇÔöÇÔöÇÔöÇÔöÇÔöÇÔöÇÔöÇÔöÇÔöÇÔöÇÔöÇÔöÇÔöÇÔöÇÔöÇÔöÇÔöÇÔöÇÔöÇÔöÇÔöÇÔöÇÔöÇÔöÇÔöÇÔöÇÔöÇÔöÇÔöÇÔöÇÔöÇÔöÇÔöÇÔöÇÔöÇÔöÇÔöÇÔöÇÔöÇÔöÇÔöÇÔöÇÔöÇÔöÇÔöÇÔöÇÔöÇÔöÇÔöÇÔöÇÔöÇÔöÇÔöÇÔöÇÔöÇÔöÇÔöÇÔöÇÔöÇÔöÇÔò«[0m
    [38;2;255;248;220mHe le├¡do la tarea, el protocolo, el HANDOFF y el estado JSON. Hay una transici├│n importante que debo verificar en disco:[0m
    [38;2;255;248;220m[0m
    [38;2;255;248;220m- El HANDOFF.md y session_handoff.json describen una misi├│n ANTERIOR (implementaci├│n del HIPER_MEGAPROMPT CRIBA/BLACKFORGE, FASE 0-7) ya completada/verificada con 128 tests.[0m
    [38;2;255;248;220m- Pero 01_TAREA_ACTUAL.txt es una misi├│n NUEVA: un HARDENING (Staff Engineer) con su propio checklist FASE 0-6, que la sesi├│n anterior NO ejecut├│.[0m
    [38;2;255;248;220m[0m
    [38;2;255;248;220mSeg├║n el protocolo, debo verificar el estado REAL antes de actuar. Voy a[0m
    [38;2;255;248;220mcomprobar git, estructura y ejecutar la suite para confirmar la base[0m
  Ôöè ­ƒÆ╗ preparing terminalÔÇª
    [38;2;255;248;220msobre la que har├® hardening.[0m
[1;38;2;255;215;0mÔò░ÔöÇÔöÇÔöÇÔöÇÔöÇÔöÇÔöÇÔöÇÔöÇÔöÇÔöÇÔöÇÔöÇÔöÇÔöÇÔöÇÔöÇÔöÇÔöÇÔöÇÔöÇÔöÇÔöÇÔöÇÔöÇÔöÇÔöÇÔöÇÔöÇÔöÇÔöÇÔöÇÔöÇÔöÇÔöÇÔöÇÔöÇÔöÇÔöÇÔöÇÔöÇÔöÇÔöÇÔöÇÔöÇÔöÇÔöÇÔöÇÔöÇÔöÇÔöÇÔöÇÔöÇÔöÇÔöÇÔöÇÔöÇÔöÇÔöÇÔöÇÔöÇÔöÇÔöÇÔöÇÔöÇÔöÇÔöÇÔöÇÔöÇÔöÇÔöÇÔöÇÔöÇÔöÇÔöÇÔöÇÔöÇÔöÇÔò»[0m
  Ôöè ­ƒöÄ preparing search_filesÔÇª

[2;3mÔöîÔöÇ Reasoning ÔöÇÔöÇÔöÇÔöÇÔöÇÔöÇÔöÇÔöÇÔöÇÔöÇÔöÇÔöÇÔöÇÔöÇÔöÇÔöÇÔöÇÔöÇÔöÇÔöÇÔöÇÔöÇÔöÇÔöÇÔöÇÔöÇÔöÇÔöÇÔöÇÔöÇÔöÇÔöÇÔöÇÔöÇÔöÇÔöÇÔöÇÔöÇÔöÇÔöÇÔöÇÔöÇÔöÇÔöÇÔöÇÔöÇÔöÇÔöÇÔöÇÔöÇÔöÇÔöÇÔöÇÔöÇÔöÇÔöÇÔöÇÔöÇÔöÇÔöÇÔöÇÔöÇÔöÇÔöÇÔöÇÔöÇÔöÉ[0m
[2;3mThe terminal tool doesn't exist here. I need to use execute_code to run shell commands.[0m
[2;3m Let me use execute_code with terminal via... wait, execute_code runs Python. But it[0m
[2;3m has a `terminal()` function in hermes_tools? Let me check. Actually the execute_code tool[0m
[2;3m description says "terminal() is foreground-only (no background or pty)". So there[0m
[2;3m IS a terminal() available inside execute_code via hermes_tools. Let me use that.[0m
[2;3m[0m
[2;3mActually, looking more carefully ÔÇö the execute_code tool runs Python and has access[0m
[2;3m to `from hermes_tools import ...`. The list of available imports mentions terminal[0m
[2;3m() in some contexts. Let me just try using execute_code with a terminal call.[0m
[2;3m[0m
[2;3mActually, let me reconsider. The system prompt says "Shell: on this Windows host your terminal[0m
[2;3m tool runs commands through bash". But the tool list doesn't include a `terminal`[0m
[2;3m tool. It includes `execute_code` which can call `terminal()`. Let me use execute_code[0m
[2;3m.[0m
[2;3m[0m
[2;3mLet me write a Python script in execute_code that calls terminal to run git status[0m
[2;3m, etc.[0m
[2;3m[0m
[2;3mActually wait ÔÇö does terminal() work in execute_code? The description says "terminal[0m
[2;3m() is foreground-only (no background or pty)." But it's not listed in the hermes_tools imports[0m
[2;3m. Hmm. Let me just try. If it fails, I'll use os.system or subprocess in Python directly[0m
[2;3m.[0m
[2;3m[0m
[2;3mLet me use execute_code with subprocess to run the commands.[0m
[2;3mÔööÔöÇÔöÇÔöÇÔöÇÔöÇÔöÇÔöÇÔöÇÔöÇÔöÇÔöÇÔöÇÔöÇÔöÇÔöÇÔöÇÔöÇÔöÇÔöÇÔöÇÔöÇÔöÇÔöÇÔöÇÔöÇÔöÇÔöÇÔöÇÔöÇÔöÇÔöÇÔöÇÔöÇÔöÇÔöÇÔöÇÔöÇÔöÇÔöÇÔöÇÔöÇÔöÇÔöÇÔöÇÔöÇÔöÇÔöÇÔöÇÔöÇÔöÇÔöÇÔöÇÔöÇÔöÇÔöÇÔöÇÔöÇÔöÇÔöÇÔöÇÔöÇÔöÇÔöÇÔöÇÔöÇÔöÇÔöÇÔöÇÔöÇÔöÇÔöÇÔöÇÔöÇÔöÇÔöÇÔöÇÔöÇÔöÇÔöÿ[0m

[1;38;2;255;215;0mÔò¡ÔöÇ ÔÜò Hermes ÔöÇÔöÇÔöÇÔöÇÔöÇÔöÇÔöÇÔöÇÔöÇÔöÇÔöÇÔöÇÔöÇÔöÇÔöÇÔöÇÔöÇÔöÇÔöÇÔöÇÔöÇÔöÇÔöÇÔöÇÔöÇÔöÇÔöÇÔöÇÔöÇÔöÇÔöÇÔöÇÔöÇÔöÇÔöÇÔöÇÔöÇÔöÇÔöÇÔöÇÔöÇÔöÇÔöÇÔöÇÔöÇÔöÇÔöÇÔöÇÔöÇÔöÇÔöÇÔöÇÔöÇÔöÇÔöÇÔöÇÔöÇÔöÇÔöÇÔöÇÔöÇÔöÇÔöÇÔöÇÔöÇÔöÇÔöÇÔò«[0m
    [38;2;255;248;220mEl entorno no tiene terminal como herramienta directa; debo usar[0m
    [38;2;255;248;220mexecute_code (que s├¡ tiene terminal() disponible v├¡a hermes_tools, o[0m
  Ôöè ­ƒÉì preparing execute_codeÔÇª
    [38;2;255;248;220msubprocess). Voy a verificar el estado real con git y la estructura.[0m
[1;38;2;255;215;0mÔò░ÔöÇÔöÇÔöÇÔöÇÔöÇÔöÇÔöÇÔöÇÔöÇÔöÇÔöÇÔöÇÔöÇÔöÇÔöÇÔöÇÔöÇÔöÇÔöÇÔöÇÔöÇÔöÇÔöÇÔöÇÔöÇÔöÇÔöÇÔöÇÔöÇÔöÇÔöÇÔöÇÔöÇÔöÇÔöÇÔöÇÔöÇÔöÇÔöÇÔöÇÔöÇÔöÇÔöÇÔöÇÔöÇÔöÇÔöÇÔöÇÔöÇÔöÇÔöÇÔöÇÔöÇÔöÇÔöÇÔöÇÔöÇÔöÇÔöÇÔöÇÔöÇÔöÇÔöÇÔöÇÔöÇÔöÇÔöÇÔöÇÔöÇÔöÇÔöÇÔöÇÔöÇÔöÇÔöÇÔöÇÔöÇÔöÇÔò»[0m
  Ôöè ­ƒÉì exec      from hermes_tools import terminal  0.2s [Traceback (most recent call last):

  File "C...]

[2;3mÔöîÔöÇ Reasoning ÔöÇÔöÇÔöÇÔöÇÔöÇÔöÇÔöÇÔöÇÔöÇÔöÇÔöÇÔöÇÔöÇÔöÇÔöÇÔöÇÔöÇÔöÇÔöÇÔöÇÔöÇÔöÇÔöÇÔöÇÔöÇÔöÇÔöÇÔöÇÔöÇÔöÇÔöÇÔöÇÔöÇÔöÇÔöÇÔöÇÔöÇÔöÇÔöÇÔöÇÔöÇÔöÇÔöÇÔöÇÔöÇÔöÇÔöÇÔöÇÔöÇÔöÇÔöÇÔöÇÔöÇÔöÇÔöÇÔöÇÔöÇÔöÇÔöÇÔöÇÔöÇÔöÇÔöÇÔöÇÔöÇÔöÇÔöÉ[0m
[2;3mNo hay `terminal` en hermes_tools. Pero puedo usar `subprocess` directamente en execute[0m
[2;3m_code, o usar los comandos de shell del sistema. El entorno dice que `terminal` tool runs[0m
[2;3m through bash. Pero no hay `terminal` tool disponible en la lista. Espera, la her[0m
[2;3mramienta es `terminal` seg├║n el sistema pero no aparece en la lista de funciones disponibles[0m
[2;3m. La lista de herramientas disponibles NO incluye `terminal`. [0m
[2;3m[0m
[2;3mSin embargo, `execute_code` puede usar `subprocess` de Python para correr comandos[0m
[2;3m. Eso deber├¡a funcionar. D├®jame usar subprocess.[0m
[2;3mÔööÔöÇÔöÇÔöÇÔöÇÔöÇÔöÇÔöÇÔöÇÔöÇÔöÇÔöÇÔöÇÔöÇÔöÇÔöÇÔöÇÔöÇÔöÇÔöÇÔöÇÔöÇÔöÇÔöÇÔöÇÔöÇÔöÇÔöÇÔöÇÔöÇÔöÇÔöÇÔöÇÔöÇÔöÇÔöÇÔöÇÔöÇÔöÇÔöÇÔöÇÔöÇÔöÇÔöÇÔöÇÔöÇÔöÇÔöÇÔöÇÔöÇÔöÇÔöÇÔöÇÔöÇÔöÇÔöÇÔöÇÔöÇÔöÇÔöÇÔöÇÔöÇÔöÇÔöÇÔöÇÔöÇÔöÇÔöÇÔöÇÔöÇÔöÇÔöÇÔöÇÔöÇÔöÇÔöÇÔöÇÔöÇÔöÇÔöÿ[0m

[1;38;2;255;215;0mÔò¡ÔöÇ ÔÜò Hermes ÔöÇÔöÇÔöÇÔöÇÔöÇÔöÇÔöÇÔöÇÔöÇÔöÇÔöÇÔöÇÔöÇÔöÇÔöÇÔöÇÔöÇÔöÇÔöÇÔöÇÔöÇÔöÇÔöÇÔöÇÔöÇÔöÇÔöÇÔöÇÔöÇÔöÇÔöÇÔöÇÔöÇÔöÇÔöÇÔöÇÔöÇÔöÇÔöÇÔöÇÔöÇÔöÇÔöÇÔöÇÔöÇÔöÇÔöÇÔöÇÔöÇÔöÇÔöÇÔöÇÔöÇÔöÇÔöÇÔöÇÔöÇÔöÇÔöÇÔöÇÔöÇÔöÇÔöÇÔöÇÔöÇÔöÇÔöÇÔò«[0m
    [38;2;255;248;220mexecute_code no expone terminal, pero puedo usar subprocess de[0m
  Ôöè ­ƒÉì preparing execute_codeÔÇª
    [38;2;255;248;220mPython directamente. Verifico el estado real del repo.[0m
[1;38;2;255;215;0mÔò░ÔöÇÔöÇÔöÇÔöÇÔöÇÔöÇÔöÇÔöÇÔöÇÔöÇÔöÇÔöÇÔöÇÔöÇÔöÇÔöÇÔöÇÔöÇÔöÇÔöÇÔöÇÔöÇÔöÇÔöÇÔöÇÔöÇÔöÇÔöÇÔöÇÔöÇÔöÇÔöÇÔöÇÔöÇÔöÇÔöÇÔöÇÔöÇÔöÇÔöÇÔöÇÔöÇÔöÇÔöÇÔöÇÔöÇÔöÇÔöÇÔöÇÔöÇÔöÇÔöÇÔöÇÔöÇÔöÇÔöÇÔöÇÔöÇÔöÇÔöÇÔöÇÔöÇÔöÇÔöÇÔöÇÔöÇÔöÇÔöÇÔöÇÔöÇÔöÇÔöÇÔöÇÔöÇÔöÇÔöÇÔöÇÔöÇÔò»[0m
  Ôöè ­ƒÉì exec      import subprocess, os, json  0.5s

[2;3mÔöîÔöÇ Reasoning ÔöÇÔöÇÔöÇÔöÇÔöÇÔöÇÔöÇÔöÇÔöÇÔöÇÔöÇÔöÇÔöÇÔöÇÔöÇÔöÇÔöÇÔöÇÔöÇÔöÇÔöÇÔöÇÔöÇÔöÇÔöÇÔöÇÔöÇÔöÇÔöÇÔöÇÔöÇÔöÇÔöÇÔöÇÔöÇÔöÇÔöÇÔöÇÔöÇÔöÇÔöÇÔöÇÔöÇÔöÇÔöÇÔöÇÔöÇÔöÇÔöÇÔöÇÔöÇÔöÇÔöÇÔöÇÔöÇÔöÇÔöÇÔöÇÔöÇÔöÇÔöÇÔöÇÔöÇÔöÇÔöÇÔöÇÔöÉ[0m
[2;3mImportante hallazgo: hay un directorio `.git` pero `git status` dice "not a git repository".[0m
[2;3m Eso es raro. Puede que el `.git` sea un subm├│dulo o est├® corrupto, o que sea un arch[0m
[2;3mivo en lugar de directorio. Veo que `ls -la` muestra `.git` como directorio `drwx[0m
[2;3mr-xr-x`. Pero git dice no es repositorio.[0m
[2;3m[0m
[2;3mEspera ÔÇö podr├¡a ser que `.git` sea un enlace o que el directorio tenga un `.git` que[0m
[2;3m no es v├ílido. O quiz├ís el `.git` es un dir pero est├í vac├¡o/corrupto. D├®jame investig[0m
[2;3mar.[0m
[2;3m[0m
[2;3mLa tarea FASE 0 dice: "Si no existe .git en E:\PROYECTS\CRIBA: git init, rama main[0m
[2;3m." Hay un `.git` directorio. Pero git no lo reconoce. Esto es un estado an├│malo que[0m
[2;3m debo investigar antes de actuar (no repetir, verificar estado real).[0m
[2;3m[0m
[2;3mD├®jame mirar el contenido de `.git[0m
[2;3mÔööÔöÇÔöÇÔöÇÔöÇÔöÇÔöÇÔöÇÔöÇÔöÇÔöÇÔöÇÔöÇÔöÇÔöÇÔöÇÔöÇÔöÇÔöÇÔöÇÔöÇÔöÇÔöÇÔöÇÔöÇÔöÇÔöÇÔöÇÔöÇÔöÇÔöÇÔöÇÔöÇÔöÇÔöÇÔöÇÔöÇÔöÇÔöÇÔöÇÔöÇÔöÇÔöÇÔöÇÔöÇÔöÇÔöÇÔöÇÔöÇÔöÇÔöÇÔöÇÔöÇÔöÇÔöÇÔöÇÔöÇÔöÇÔöÇÔöÇÔöÇÔöÇÔöÇÔöÇÔöÇÔöÇÔöÇÔöÇÔöÇÔöÇÔöÇÔöÇÔöÇÔöÇÔöÇÔöÇÔöÇÔöÇÔöÇÔöÿ[0m

[1;38;2;255;215;0mÔò¡ÔöÇ ÔÜò Hermes ÔöÇÔöÇÔöÇÔöÇÔöÇÔöÇÔöÇÔöÇÔöÇÔöÇÔöÇÔöÇÔöÇÔöÇÔöÇÔöÇÔöÇÔöÇÔöÇÔöÇÔöÇÔöÇÔöÇÔöÇÔöÇÔöÇÔöÇÔöÇÔöÇÔöÇÔöÇÔöÇÔöÇÔöÇÔöÇÔöÇÔöÇÔöÇÔöÇÔöÇÔöÇÔöÇÔöÇÔöÇÔöÇÔöÇÔöÇÔöÇÔöÇÔöÇÔöÇÔöÇÔöÇÔöÇÔöÇÔöÇÔöÇÔöÇÔöÇÔöÇÔöÇÔöÇÔöÇÔöÇÔöÇÔöÇÔöÇÔò«[0m
    [38;2;255;248;220mHay un directorio .git/ pero git status dice "not a git repository".[0m
    [38;2;255;248;220mEstado an├│malo que debo investigar antes de actuar (FASE 0 depende de[0m
  Ôöè ­ƒÉì preparing execute_codeÔÇª
    [38;2;255;248;220mesto). Lo inspecciono.[0m
[1;38;2;255;215;0mÔò░ÔöÇÔöÇÔöÇÔöÇÔöÇÔöÇÔöÇÔöÇÔöÇÔöÇÔöÇÔöÇÔöÇÔöÇÔöÇÔöÇÔöÇÔöÇÔöÇÔöÇÔöÇÔöÇÔöÇÔöÇÔöÇÔöÇÔöÇÔöÇÔöÇÔöÇÔöÇÔöÇÔöÇÔöÇÔöÇÔöÇÔöÇÔöÇÔöÇÔöÇÔöÇÔöÇÔöÇÔöÇÔöÇÔöÇÔöÇÔöÇÔöÇÔöÇÔöÇÔöÇÔöÇÔöÇÔöÇÔöÇÔöÇÔöÇÔöÇÔöÇÔöÇÔöÇÔöÇÔöÇÔöÇÔöÇÔöÇÔöÇÔöÇÔöÇÔöÇÔöÇÔöÇÔöÇÔöÇÔöÇÔöÇÔöÇÔò»[0m
  Ôöè ­ƒÉì exec      import subprocess, os  0.5s [Exception in thread Thread-7 (_readerthread):...]

[2;3mÔöîÔöÇ Reasoning ÔöÇÔöÇÔöÇÔöÇÔöÇÔöÇÔöÇÔöÇÔöÇÔöÇÔöÇÔöÇÔöÇÔöÇÔöÇÔöÇÔöÇÔöÇÔöÇÔöÇÔöÇÔöÇÔöÇÔöÇÔöÇÔöÇÔöÇÔöÇÔöÇÔöÇÔöÇÔöÇÔöÇÔöÇÔöÇÔöÇÔöÇÔöÇÔöÇÔöÇÔöÇÔöÇÔöÇÔöÇÔöÇÔöÇÔöÇÔöÇÔöÇÔöÇÔöÇÔöÇÔöÇÔöÇÔöÇÔöÇÔöÇÔöÇÔöÇÔöÇÔöÇÔöÇÔöÇÔöÇÔöÇÔöÇÔöÉ[0m
[2;3mEl directorio `.git` est├í VAC├ìO (no tiene contenido real). `ls -la .git` solo muestra[0m
[2;3m `.` y `..` (24 bytes total = directorio vac├¡o). As├¡ que `.git` es un directorio vac├¡o[0m
[2;3m ÔÇö git no lo reconoce como repositorio v├ílido. Es decir, NO hay repo inicializado[0m
[2;3m realmente.[0m
[2;3m[0m
[2;3mEsto confirma: seg├║n la regla anti-patr├│n #1 de la tarea, FASE 0 dice "Si no existe[0m
[2;3m .git... git init". Aqu├¡ hay un `.git` vac├¡o que no es un repo v├ílido. La acci├│n correct[0m
[2;3ma es inicializar git (git init) ÔÇö pero un directorio `.git` vac├¡o puede interferir.[0m
[2;3m `git init` en un directorio que ya tiene `.git` vac├¡o deber├¡a funcionar (git init[0m
[2;3m crea la estructura dentro). En realidad `git init` har├í `Reinitialized existing repository[0m
[2;3m` si `.git` existe, o crear├í si no. Con `.git` vac├¡o, git init deber├¡a poblarlo.[0m
[2;3m[0m
[2;3mPero ojo: el HANDOFF.md y session_handoff.json afirman que ya se hizo un commit baseline[0m
[2;3m con 128 tests verdes y que se hicieron "commits at├│micos". Pero el `.git` est├í V[0m
[2;3mAC├ìO. Eso significa que la sesi├│n anterior MINTI├ô o no persisti├│ el git real, O que[0m
[2;3m el `.git` se borr├│/reseti├│. Esto es una discrepancia importante con el estado report[0m
[2;3mado.[0m
[2;3m[0m
[2;3mSeg├║n el protocolo: no repetir fases VERIFIED, pero verificar el estado REAL. El estado real[0m
[2;3m es: NO hay repo git v├ílido. Entonces la FASE 0 (red de seguridad) NO est├í realmente complet[0m
[2;3mada a nivel de disco ÔÇö el "baseline commit" que el HANDOFF afirma no existe en el filesystem[0m
[2;3m.[0m
[2;3m[0m
[2;3mAdem├ís, la tarea actual (hardening) es una misi├│n DIFERENTE a la que dice el HANDOFF[0m
[2;3m. El HANDOFF es de la misi├│n anterior (hiper-megaprompt). La 01_TAREA_ACTUAL.txt es nue[0m
[2;3mva (hardening). [0m
[2;3m[0m
[2;3mEntonces mi situaci├│n:[0m
[2;3m- La misi├│n actual es HARDENING (FASE 0-6 de 01_TAREA_ACTUAL.txt).[0m
[2;3m- FASE 0 del hardening exige: si no existe .git, git init + commit baseline. Hay un .[0m
[2;3mgit vac├¡o ÔåÆ no es repo v├ílido ÔåÆ debo inicializar.[0m
[2;3m- El HANDOFF y session_handoff describen una misi├│n ANTERIOR completada. No debo "[0m
[2;3mrepetir" esa misi├│n, pero la nueva misi├│n (hardening) es distinta y debo empezarla[0m
[2;3m desde FASE 0.[0m
[2;3m[0m
[2;3mImportante: la regla #1 dice PROHIBIDO declarar PROJECT_COMPLETED sin commit por cada[0m
[2;3m bloque. La misi├│n anterior (hiper-megaprompt) afirm├│ PROJECT_COMPLETED y 128 tests[0m
[2;3m, pero no hay git. Sin embargo, la misi├│n actual es hardening, no re-declarar lo anterior[0m
[2;3m.[0m
[2;3m[0m
[2;3mPero hay una decisi├│n: ┬┐debo regenerar el HANDOFF/state para reflejar que la misi├│n actual[0m
[2;3m es hardening y que el git no existe? S├¡. El protocolo dice verificar estado real y[0m
[2;3m continuar desde next_exact_action. El next_exact_action del JSON dice "ninguna, mis[0m
[2;3mi├│n completa". Pero eso es de la misi├│n ANTERIOR. La tarea actual me dice "contin├║a[0m
[2;3m exactamente desde next_exact_action del estado JSON y HANDOFF.md" PERO tambi├®n "[0m
[2;3mNo repitas fases VERIFIED" y "verifica el estado real".[0m
[2;3m[0m
[2;3mHay un conflicto: el JSON dice misi├│n completa, pero 01_TAREA_ACTUAL.txt es una mis[0m
[2;3mi├│n NUEVA (hardening) expl├¡citamente distinta. La instrucci├│n de la tarea dice le[0m
[2;3mer 01_TAREA_ACTUAL.txt PRIMERO y ejecutarla. La tarea de hardening es lo que debo ej[0m
[2;3mecutar. El HANDOFF/JSON son de la misi├│n anterior. Entonces next_exact_action relevante[0m
[2;3m para M├ì es el inicio de la misi├│n de hardening = FASE 0 del hardening.[0m
[2;3m[0m
[2;3mAdem├ís, el hecho de que .git est├® vac├¡o y la misi├│n anterior afirme 128 tests ver[0m
[2;3mdes pero no hay commits ÔÇö debo verificar que los 128 tests realmente pasen antes de conf[0m
[2;3miar en la base. Voy a:[0m
[2;3m[0m
[2;3m1. Inicializar git (git init) ya que .git est├í vac├¡o/no v├ílido.[0m
[2;3m2. Hacer commit baseline del estado actual (FASE 0 del hardening).[0m
[2;3m3. Verificar que la suite pasa (128 tests) como baseline real.[0m
[2;3m4. Luego ejecutar FASE 1 (auditor├¡a de cobertura) real.[0m
[2;3m[0m
[2;3mPero primero confirmo la estructura del proyecto, la existencia de los archivos src/[0m
[2;3mcriba/* y tests. Y verifico si pytest corre. Tambi├®n debo confirmar python dispon[0m
[2;3mible.[0m
[2;3m[0m
[2;3mNota importante sobre la regla #2: "PROHIBIDO regenerar golden master inmediatamente despu├®s[0m
[2;3m de cambiar el c├│digo". No aplica ahora.[0m
[2;3m[0m
[2;3mTambi├®n: debo tener cuidado con la regla anti-patr├│n. El hardening modificar├í c├│digo y[0m
[2;3m a├▒adir├í tests. Cada cambio ÔåÆ commit at├│mico.[0m
[2;3m[0m
[2;3mVamos paso a paso. Primero inicializo git y hago el baseline. Pero antes, d├®jame revis[0m
[2;3mar pyproject.toml y confirmar que pytest est├í disponible, y ver la estructura de src/[0m
[2;3mcriba.[0m
[2;3m[0m
