Query: Trabaja exclusivamente sobre:

E:\PROYECTS\CRIBA

Lee completos desde disco, en este orden:

1. E:\PROYECTS\CRIBA\01_TAREA_ACTUAL.txt
2. E:\PROYECTS\CRIBA\.autoregen\AUTOREGEN_GLOBAL.txt

Esta es la primera sesi├│n, generaci├│n 1. Empieza desde el primer paso
de la tarea y crea checkpoints verificables.

La autorregeneraci├│n est├í SIEMPRE ACTIVA.
No uses --continue ni --resume.
No termines con un resumen ambiguo.

Antes de finalizar debes hacer exactamente una de estas tres cosas:

A) Si toda la tarea est├í terminada y verificada:
- escribir .autoregen/project_completed.json;
- terminar con PROJECT_COMPLETED.

B) Si necesitas contexto limpio:
- actualizar HANDOFF.md;
- escribir .autoregen/session_handoff.json;
- escribir RESUME_NEXT_SESSION.txt;
- escribir .autoregen/regeneration_request.json;
- terminar con CONTEXT_REGENERATION_REQUIRED.

C) Si existe una decisi├│n humana realmente bloqueante:
- actualizar HANDOFF.md;
- escribir .autoregen/session_handoff.json;
- escribir .autoregen/human_decision_required.json;
- terminar con HUMAN_DECISION_REQUIRED o con la se├▒al espec├¡fica exigida por
  la tarea, por ejemplo BASELINE_DECISION_REQUIRED.

Despu├®s de emitir cualquiera de esas se├▒ales, no ejecutes m├ís herramientas ni
a├▒adas m├ís texto.

Empieza ahora.
[2;3mInitializing agent...[0m
[38;2;255;191;0mÔöÇÔöÇÔöÇÔöÇÔöÇÔöÇÔöÇÔöÇÔöÇÔöÇÔöÇÔöÇÔöÇÔöÇÔöÇÔöÇÔöÇÔöÇÔöÇÔöÇÔöÇÔöÇÔöÇÔöÇÔöÇÔöÇÔöÇÔöÇÔöÇÔöÇÔöÇÔöÇÔöÇÔöÇÔöÇÔöÇÔöÇÔöÇÔöÇÔöÇ[0m


[2;3mÔöîÔöÇ Reasoning ÔöÇÔöÇÔöÇÔöÇÔöÇÔöÇÔöÇÔöÇÔöÇÔöÇÔöÇÔöÇÔöÇÔöÇÔöÇÔöÇÔöÇÔöÇÔöÇÔöÇÔöÇÔöÇÔöÇÔöÇÔöÇÔöÇÔöÇÔöÇÔöÇÔöÇÔöÇÔöÇÔöÇÔöÇÔöÇÔöÇÔöÇÔöÇÔöÇÔöÇÔöÇÔöÇÔöÇÔöÇÔöÇÔöÇÔöÇÔöÇÔöÇÔöÇÔöÇÔöÇÔöÇÔöÇÔöÇÔöÇÔöÇÔöÇÔöÇÔöÇÔöÇÔöÇÔöÇÔöÇÔöÇÔöÇÔöÉ[0m
[2;3mI'll start by reading through both files to understand what I'm working with.[0m
[2;3mÔööÔöÇÔöÇÔöÇÔöÇÔöÇÔöÇÔöÇÔöÇÔöÇÔöÇÔöÇÔöÇÔöÇÔöÇÔöÇÔöÇÔöÇÔöÇÔöÇÔöÇÔöÇÔöÇÔöÇÔöÇÔöÇÔöÇÔöÇÔöÇÔöÇÔöÇÔöÇÔöÇÔöÇÔöÇÔöÇÔöÇÔöÇÔöÇÔöÇÔöÇÔöÇÔöÇÔöÇÔöÇÔöÇÔöÇÔöÇÔöÇÔöÇÔöÇÔöÇÔöÇÔöÇÔöÇÔöÇÔöÇÔöÇÔöÇÔöÇÔöÇÔöÇÔöÇÔöÇÔöÇÔöÇÔöÇÔöÇÔöÇÔöÇÔöÇÔöÇÔöÇÔöÇÔöÇÔöÇÔöÇÔöÇÔöÇÔöÿ[0m

[1;38;2;255;215;0mÔò¡ÔöÇ ÔÜò Hermes ÔöÇÔöÇÔöÇÔöÇÔöÇÔöÇÔöÇÔöÇÔöÇÔöÇÔöÇÔöÇÔöÇÔöÇÔöÇÔöÇÔöÇÔöÇÔöÇÔöÇÔöÇÔöÇÔöÇÔöÇÔöÇÔöÇÔöÇÔöÇÔöÇÔöÇÔöÇÔöÇÔöÇÔöÇÔöÇÔöÇÔöÇÔöÇÔöÇÔöÇÔöÇÔöÇÔöÇÔöÇÔöÇÔöÇÔöÇÔöÇÔöÇÔöÇÔöÇÔöÇÔöÇÔöÇÔöÇÔöÇÔöÇÔöÇÔöÇÔöÇÔöÇÔöÇÔöÇÔöÇÔöÇÔöÇÔöÇÔò«[0m
  Ôöè ­ƒôû preparing read_fileÔÇª
    [38;2;255;248;220mVoy a leer los dos archivos en el orden indicado.[0m
[1;38;2;255;215;0mÔò░ÔöÇÔöÇÔöÇÔöÇÔöÇÔöÇÔöÇÔöÇÔöÇÔöÇÔöÇÔöÇÔöÇÔöÇÔöÇÔöÇÔöÇÔöÇÔöÇÔöÇÔöÇÔöÇÔöÇÔöÇÔöÇÔöÇÔöÇÔöÇÔöÇÔöÇÔöÇÔöÇÔöÇÔöÇÔöÇÔöÇÔöÇÔöÇÔöÇÔöÇÔöÇÔöÇÔöÇÔöÇÔöÇÔöÇÔöÇÔöÇÔöÇÔöÇÔöÇÔöÇÔöÇÔöÇÔöÇÔöÇÔöÇÔöÇÔöÇÔöÇÔöÇÔöÇÔöÇÔöÇÔöÇÔöÇÔöÇÔöÇÔöÇÔöÇÔöÇÔöÇÔöÇÔöÇÔöÇÔöÇÔöÇÔöÇÔò»[0m
  Ôöè ­ƒôû preparing read_fileÔÇª
  Ôöè ­ƒôû read      01_TAREA_ACTUAL.txt  1.8s
  Ôöè ­ƒôû read      AUTOREGEN_GLOBAL.txt  1.7s

[2;3mÔöîÔöÇ Reasoning ÔöÇÔöÇÔöÇÔöÇÔöÇÔöÇÔöÇÔöÇÔöÇÔöÇÔöÇÔöÇÔöÇÔöÇÔöÇÔöÇÔöÇÔöÇÔöÇÔöÇÔöÇÔöÇÔöÇÔöÇÔöÇÔöÇÔöÇÔöÇÔöÇÔöÇÔöÇÔöÇÔöÇÔöÇÔöÇÔöÇÔöÇÔöÇÔöÇÔöÇÔöÇÔöÇÔöÇÔöÇÔöÇÔöÇÔöÇÔöÇÔöÇÔöÇÔöÇÔöÇÔöÇÔöÇÔöÇÔöÇÔöÇÔöÇÔöÇÔöÇÔöÇÔöÇÔöÇÔöÇÔöÇÔöÇÔöÉ[0m
[2;3mI'm continuing to read through the task file starting at line 501.[0m
[2;3mÔööÔöÇÔöÇÔöÇÔöÇÔöÇÔöÇÔöÇÔöÇÔöÇÔöÇÔöÇÔöÇÔöÇÔöÇÔöÇÔöÇÔöÇÔöÇÔöÇÔöÇÔöÇÔöÇÔöÇÔöÇÔöÇÔöÇÔöÇÔöÇÔöÇÔöÇÔöÇÔöÇÔöÇÔöÇÔöÇÔöÇÔöÇÔöÇÔöÇÔöÇÔöÇÔöÇÔöÇÔöÇÔöÇÔöÇÔöÇÔöÇÔöÇÔöÇÔöÇÔöÇÔöÇÔöÇÔöÇÔöÇÔöÇÔöÇÔöÇÔöÇÔöÇÔöÇÔöÇÔöÇÔöÇÔöÇÔöÇÔöÇÔöÇÔöÇÔöÇÔöÇÔöÇÔöÇÔöÇÔöÇÔöÇÔöÇÔöÿ[0m

[1;38;2;255;215;0mÔò¡ÔöÇ ÔÜò Hermes ÔöÇÔöÇÔöÇÔöÇÔöÇÔöÇÔöÇÔöÇÔöÇÔöÇÔöÇÔöÇÔöÇÔöÇÔöÇÔöÇÔöÇÔöÇÔöÇÔöÇÔöÇÔöÇÔöÇÔöÇÔöÇÔöÇÔöÇÔöÇÔöÇÔöÇÔöÇÔöÇÔöÇÔöÇÔöÇÔöÇÔöÇÔöÇÔöÇÔöÇÔöÇÔöÇÔöÇÔöÇÔöÇÔöÇÔöÇÔöÇÔöÇÔöÇÔöÇÔöÇÔöÇÔöÇÔöÇÔöÇÔöÇÔöÇÔöÇÔöÇÔöÇÔöÇÔöÇÔöÇÔöÇÔöÇÔöÇÔò«[0m
  Ôöè ­ƒôû preparing read_fileÔÇª
    [38;2;255;248;220mVoy a leer el resto de la tarea (l├¡neas 501+).[0m
[1;38;2;255;215;0mÔò░ÔöÇÔöÇÔöÇÔöÇÔöÇÔöÇÔöÇÔöÇÔöÇÔöÇÔöÇÔöÇÔöÇÔöÇÔöÇÔöÇÔöÇÔöÇÔöÇÔöÇÔöÇÔöÇÔöÇÔöÇÔöÇÔöÇÔöÇÔöÇÔöÇÔöÇÔöÇÔöÇÔöÇÔöÇÔöÇÔöÇÔöÇÔöÇÔöÇÔöÇÔöÇÔöÇÔöÇÔöÇÔöÇÔöÇÔöÇÔöÇÔöÇÔöÇÔöÇÔöÇÔöÇÔöÇÔöÇÔöÇÔöÇÔöÇÔöÇÔöÇÔöÇÔöÇÔöÇÔöÇÔöÇÔöÇÔöÇÔöÇÔöÇÔöÇÔöÇÔöÇÔöÇÔöÇÔöÇÔöÇÔöÇÔöÇÔò»[0m
  Ôöè ­ƒôû read      01_TAREA_ACTUAL.txt L501-1200  1.1s

[2;3mÔöîÔöÇ Reasoning ÔöÇÔöÇÔöÇÔöÇÔöÇÔöÇÔöÇÔöÇÔöÇÔöÇÔöÇÔöÇÔöÇÔöÇÔöÇÔöÇÔöÇÔöÇÔöÇÔöÇÔöÇÔöÇÔöÇÔöÇÔöÇÔöÇÔöÇÔöÇÔöÇÔöÇÔöÇÔöÇÔöÇÔöÇÔöÇÔöÇÔöÇÔöÇÔöÇÔöÇÔöÇÔöÇÔöÇÔöÇÔöÇÔöÇÔöÇÔöÇÔöÇÔöÇÔöÇÔöÇÔöÇÔöÇÔöÇÔöÇÔöÇÔöÇÔöÇÔöÇÔöÇÔöÇÔöÇÔöÇÔöÇÔöÇÔöÉ[0m
[2;3mHe le├¡do la tarea completa. Se trata de un hardening profundo de CRIBA + BLACKFORGE[0m
[2;3m. Voy a comenzar con la primera respuesta esperada que indica 7 puntos, y luego proc[0m
[2;3meder├® con la FASE 0. Primero necesito hacer un inventario del proyecto con varias lecturas independientes.[0m
[2;3mÔööÔöÇÔöÇÔöÇÔöÇÔöÇÔöÇÔöÇÔöÇÔöÇÔöÇÔöÇÔöÇÔöÇÔöÇÔöÇÔöÇÔöÇÔöÇÔöÇÔöÇÔöÇÔöÇÔöÇÔöÇÔöÇÔöÇÔöÇÔöÇÔöÇÔöÇÔöÇÔöÇÔöÇÔöÇÔöÇÔöÇÔöÇÔöÇÔöÇÔöÇÔöÇÔöÇÔöÇÔöÇÔöÇÔöÇÔöÇÔöÇÔöÇÔöÇÔöÇÔöÇÔöÇÔöÇÔöÇÔöÇÔöÇÔöÇÔöÇÔöÇÔöÇÔöÇÔöÇÔöÇÔöÇÔöÇÔöÇÔöÇÔöÇÔöÇÔöÇÔöÇÔöÇÔöÇÔöÇÔöÇÔöÇÔöÇÔöÿ[0m

[1;38;2;255;215;0mÔò¡ÔöÇ ÔÜò Hermes ÔöÇÔöÇÔöÇÔöÇÔöÇÔöÇÔöÇÔöÇÔöÇÔöÇÔöÇÔöÇÔöÇÔöÇÔöÇÔöÇÔöÇÔöÇÔöÇÔöÇÔöÇÔöÇÔöÇÔöÇÔöÇÔöÇÔöÇÔöÇÔöÇÔöÇÔöÇÔöÇÔöÇÔöÇÔöÇÔöÇÔöÇÔöÇÔöÇÔöÇÔöÇÔöÇÔöÇÔöÇÔöÇÔöÇÔöÇÔöÇÔöÇÔöÇÔöÇÔöÇÔöÇÔöÇÔöÇÔöÇÔöÇÔöÇÔöÇÔöÇÔöÇÔöÇÔöÇÔöÇÔöÇÔöÇÔöÇÔò«[0m
    [38;2;255;248;220mTarea le├¡da completa. Es un hardening profundo de CRIBA + BLACKFORGE, generaci├│n 1, primera sesi├│n. Comienzo con la primera respuesta esperada, luego FASE 0.[0m
    [38;2;255;248;220m[0m
    [38;2;255;248;220mPRIMERA RESPUESTA (los 7 puntos exigidos):[0m
    [38;2;255;248;220m[0m
    [38;2;255;248;220m1. Ruta confirmada: E:\PROYECTS\CRIBA (working dir actual).[0m
    [38;2;255;248;220m2. Existencia de .git: a comprobar ahora.[0m
    [38;2;255;248;220m3. Estado inicial del ├írbol: a comprobar ahora.[0m
    [38;2;255;248;220m4. Comando de baseline: pytest completo con TMP controlado bajo el proyecto.[0m
    [38;2;255;248;220m5. NO asumir├® el n├║mero de tests ÔÇö lo medir├® y registrar├®.[0m
    [38;2;255;248;220m6. NO regenerar├® goldens sin ratificaci├│n humana.[0m
    [38;2;255;248;220m7. NO har├® push ni publicar├® nada.[0m
    [38;2;255;248;220m[0m
    [38;2;255;248;220mInicio FASE 0 ÔÇö inventario real. Ejecuto comprobaciones independientes en[0m
  Ôöè ­ƒÆ╗ preparing terminalÔÇª
    [38;2;255;248;220mparalelo.[0m
[1;38;2;255;215;0mÔò░ÔöÇÔöÇÔöÇÔöÇÔöÇÔöÇÔöÇÔöÇÔöÇÔöÇÔöÇÔöÇÔöÇÔöÇÔöÇÔöÇÔöÇÔöÇÔöÇÔöÇÔöÇÔöÇÔöÇÔöÇÔöÇÔöÇÔöÇÔöÇÔöÇÔöÇÔöÇÔöÇÔöÇÔöÇÔöÇÔöÇÔöÇÔöÇÔöÇÔöÇÔöÇÔöÇÔöÇÔöÇÔöÇÔöÇÔöÇÔöÇÔöÇÔöÇÔöÇÔöÇÔöÇÔöÇÔöÇÔöÇÔöÇÔöÇÔöÇÔöÇÔöÇÔöÇÔöÇÔöÇÔöÇÔöÇÔöÇÔöÇÔöÇÔöÇÔöÇÔöÇÔöÇÔöÇÔöÇÔöÇÔöÇÔöÇÔò»[0m
  Ôöè ­ƒÆ╗ preparing terminalÔÇª
  Ôöè ­ƒÆ╗ preparing terminalÔÇª

[2;3mÔöîÔöÇ Reasoning ÔöÇÔöÇÔöÇÔöÇÔöÇÔöÇÔöÇÔöÇÔöÇÔöÇÔöÇÔöÇÔöÇÔöÇÔöÇÔöÇÔöÇÔöÇÔöÇÔöÇÔöÇÔöÇÔöÇÔöÇÔöÇÔöÇÔöÇÔöÇÔöÇÔöÇÔöÇÔöÇÔöÇÔöÇÔöÇÔöÇÔöÇÔöÇÔöÇÔöÇÔöÇÔöÇÔöÇÔöÇÔöÇÔöÇÔöÇÔöÇÔöÇÔöÇÔöÇÔöÇÔöÇÔöÇÔöÇÔöÇÔöÇÔöÇÔöÇÔöÇÔöÇÔöÇÔöÇÔöÇÔöÇÔöÇÔöÉ[0m
[2;3mI'm realizing there's no standalone terminal tool available, but execute_code can run Python and[0m
[2;3m has access to terminal() for foreground operations. Since the terminal tool isn't listed[0m
[2;3m separately, I'll use execute_code with subprocess to handle shell commands instead[0m
[2;3m.[0m
[2;3mÔööÔöÇÔöÇÔöÇÔöÇÔöÇÔöÇÔöÇÔöÇÔöÇÔöÇÔöÇÔöÇÔöÇÔöÇÔöÇÔöÇÔöÇÔöÇÔöÇÔöÇÔöÇÔöÇÔöÇÔöÇÔöÇÔöÇÔöÇÔöÇÔöÇÔöÇÔöÇÔöÇÔöÇÔöÇÔöÇÔöÇÔöÇÔöÇÔöÇÔöÇÔöÇÔöÇÔöÇÔöÇÔöÇÔöÇÔöÇÔöÇÔöÇÔöÇÔöÇÔöÇÔöÇÔöÇÔöÇÔöÇÔöÇÔöÇÔöÇÔöÇÔöÇÔöÇÔöÇÔöÇÔöÇÔöÇÔöÇÔöÇÔöÇÔöÇÔöÇÔöÇÔöÇÔöÇÔöÇÔöÇÔöÇÔöÇÔöÿ[0m

[1;38;2;255;215;0mÔò¡ÔöÇ ÔÜò Hermes ÔöÇÔöÇÔöÇÔöÇÔöÇÔöÇÔöÇÔöÇÔöÇÔöÇÔöÇÔöÇÔöÇÔöÇÔöÇÔöÇÔöÇÔöÇÔöÇÔöÇÔöÇÔöÇÔöÇÔöÇÔöÇÔöÇÔöÇÔöÇÔöÇÔöÇÔöÇÔöÇÔöÇÔöÇÔöÇÔöÇÔöÇÔöÇÔöÇÔöÇÔöÇÔöÇÔöÇÔöÇÔöÇÔöÇÔöÇÔöÇÔöÇÔöÇÔöÇÔöÇÔöÇÔöÇÔöÇÔöÇÔöÇÔöÇÔöÇÔöÇÔöÇÔöÇÔöÇÔöÇÔöÇÔöÇÔöÇÔò«[0m
    [38;2;255;248;220mNo existe la tool terminal en este entorno. Usar├® execute_code[0m
    [38;2;255;248;220m(Python + subprocess) para todas las operaciones de shell. Ejecuto el[0m
  Ôöè ­ƒÉì preparing execute_codeÔÇª
    [38;2;255;248;220minventario de FASE 0.[0m
[1;38;2;255;215;0mÔò░ÔöÇÔöÇÔöÇÔöÇÔöÇÔöÇÔöÇÔöÇÔöÇÔöÇÔöÇÔöÇÔöÇÔöÇÔöÇÔöÇÔöÇÔöÇÔöÇÔöÇÔöÇÔöÇÔöÇÔöÇÔöÇÔöÇÔöÇÔöÇÔöÇÔöÇÔöÇÔöÇÔöÇÔöÇÔöÇÔöÇÔöÇÔöÇÔöÇÔöÇÔöÇÔöÇÔöÇÔöÇÔöÇÔöÇÔöÇÔöÇÔöÇÔöÇÔöÇÔöÇÔöÇÔöÇÔöÇÔöÇÔöÇÔöÇÔöÇÔöÇÔöÇÔöÇÔöÇÔöÇÔöÇÔöÇÔöÇÔöÇÔöÇÔöÇÔöÇÔöÇÔöÇÔöÇÔöÇÔöÇÔöÇÔöÇÔò»[0m
  Ôöè ­ƒÉì preparing execute_codeÔÇª
  Ôöè ­ƒÉì preparing execute_codeÔÇª
  Ôöè ­ƒÉì exec      import subprocess, os  0.4s
  Ôöè ­ƒÉì exec      import subprocess, os, sys  1.6s
  Ôöè ­ƒÉì exec      import os  0.2s

[2;3mÔöîÔöÇ Reasoning ÔöÇÔöÇÔöÇÔöÇÔöÇÔöÇÔöÇÔöÇÔöÇÔöÇÔöÇÔöÇÔöÇÔöÇÔöÇÔöÇÔöÇÔöÇÔöÇÔöÇÔöÇÔöÇÔöÇÔöÇÔöÇÔöÇÔöÇÔöÇÔöÇÔöÇÔöÇÔöÇÔöÇÔöÇÔöÇÔöÇÔöÇÔöÇÔöÇÔöÇÔöÇÔöÇÔöÇÔöÇÔöÇÔöÇÔöÇÔöÇÔöÇÔöÇÔöÇÔöÇÔöÇÔöÇÔöÇÔöÇÔöÇÔöÇÔöÇÔöÇÔöÇÔöÇÔöÇÔöÇÔöÇÔöÇÔöÉ[0m
[2;3mThe `.git` directory exists but git isn't recognizing it as a valid repository, which[0m
[2;3m suggests it's either corrupted or empty. I need to investigate this first since the task requires[0m
[2;3m me to preserve it if it's legitimate. I also notice mypy and hypothesis aren't installed, though[0m
[2;3m pytest-cov and coverage are available, and there's a proper project structure with src/criba in[0m
[2;3m place.[0m
[2;3mÔööÔöÇÔöÇÔöÇÔöÇÔöÇÔöÇÔöÇÔöÇÔöÇÔöÇÔöÇÔöÇÔöÇÔöÇÔöÇÔöÇÔöÇÔöÇÔöÇÔöÇÔöÇÔöÇÔöÇÔöÇÔöÇÔöÇÔöÇÔöÇÔöÇÔöÇÔöÇÔöÇÔöÇÔöÇÔöÇÔöÇÔöÇÔöÇÔöÇÔöÇÔöÇÔöÇÔöÇÔöÇÔöÇÔöÇÔöÇÔöÇÔöÇÔöÇÔöÇÔöÇÔöÇÔöÇÔöÇÔöÇÔöÇÔöÇÔöÇÔöÇÔöÇÔöÇÔöÇÔöÇÔöÇÔöÇÔöÇÔöÇÔöÇÔöÇÔöÇÔöÇÔöÇÔöÇÔöÇÔöÇÔöÇÔöÇÔöÿ[0m

[1;38;2;255;215;0mÔò¡ÔöÇ ÔÜò Hermes ÔöÇÔöÇÔöÇÔöÇÔöÇÔöÇÔöÇÔöÇÔöÇÔöÇÔöÇÔöÇÔöÇÔöÇÔöÇÔöÇÔöÇÔöÇÔöÇÔöÇÔöÇÔöÇÔöÇÔöÇÔöÇÔöÇÔöÇÔöÇÔöÇÔöÇÔöÇÔöÇÔöÇÔöÇÔöÇÔöÇÔöÇÔöÇÔöÇÔöÇÔöÇÔöÇÔöÇÔöÇÔöÇÔöÇÔöÇÔöÇÔöÇÔöÇÔöÇÔöÇÔöÇÔöÇÔöÇÔöÇÔöÇÔöÇÔöÇÔöÇÔöÇÔöÇÔöÇÔöÇÔöÇÔöÇÔöÇÔò«[0m
    [38;2;255;248;220m.git existe como directorio pero git dice "not a git repository" ÔÇö est├í[0m
    [38;2;255;248;220mcorrupto o incompleto. Debo investigar antes de decidir (init vs. reparar[0m
    [38;2;255;248;220mvs. bloquear). Tambi├®n reviso .gitignore, secretos y estructura de[0m
  Ôöè ­ƒÉì preparing execute_codeÔÇª
    [38;2;255;248;220msrc/tests.[0m
[1;38;2;255;215;0mÔò░ÔöÇÔöÇÔöÇÔöÇÔöÇÔöÇÔöÇÔöÇÔöÇÔöÇÔöÇÔöÇÔöÇÔöÇÔöÇÔöÇÔöÇÔöÇÔöÇÔöÇÔöÇÔöÇÔöÇÔöÇÔöÇÔöÇÔöÇÔöÇÔöÇÔöÇÔöÇÔöÇÔöÇÔöÇÔöÇÔöÇÔöÇÔöÇÔöÇÔöÇÔöÇÔöÇÔöÇÔöÇÔöÇÔöÇÔöÇÔöÇÔöÇÔöÇÔöÇÔöÇÔöÇÔöÇÔöÇÔöÇÔöÇÔöÇÔöÇÔöÇÔöÇÔöÇÔöÇÔöÇÔöÇÔöÇÔöÇÔöÇÔöÇÔöÇÔöÇÔöÇÔöÇÔöÇÔöÇÔöÇÔöÇÔöÇÔò»[0m
  Ôöè ­ƒÉì preparing execute_codeÔÇª
  Ôöè ­ƒÉì preparing execute_codeÔÇª
  Ôöè ­ƒÉì exec      import os  0.2s
  Ôöè ­ƒÉì exec      import os  0.2s
  Ôöè ­ƒÉì exec      import os, re  0.1s

[2;3mÔöîÔöÇ Reasoning ÔöÇÔöÇÔöÇÔöÇÔöÇÔöÇÔöÇÔöÇÔöÇÔöÇÔöÇÔöÇÔöÇÔöÇÔöÇÔöÇÔöÇÔöÇÔöÇÔöÇÔöÇÔöÇÔöÇÔöÇÔöÇÔöÇÔöÇÔöÇÔöÇÔöÇÔöÇÔöÇÔöÇÔöÇÔöÇÔöÇÔöÇÔöÇÔöÇÔöÇÔöÇÔöÇÔöÇÔöÇÔöÇÔöÇÔöÇÔöÇÔöÇÔöÇÔöÇÔöÇÔöÇÔöÇÔöÇÔöÇÔöÇÔöÇÔöÇÔöÇÔöÇÔöÇÔöÇÔöÇÔöÇÔöÇÔöÉ[0m
[2;3mThe `.git` directory exists but is completely empty, which means it's not a valid git[0m
[2;3m repository. The task specifies initializing git if `.git` doesn't exist, but this[0m
[2;3m is a gray area since the directory is present but non-functional. I need to treat an[0m
[2;3m empty `.git` folder as effectively no repository and proceed with initialization[0m
[2;3m.[0m
[2;3m[0m
[2;3mI also notice there's a stray temporary file in the src directory and various artifacts to[0m
[2;3m account for. Since this is generation 1 of a massive task spanning multiple phases, I need[0m
[2;3m to be strategic with my context budget. My immediate priority is to work through[0m
[2;3m FASE 0 systematically: verify the existing HANDOFF and autoregen state, scan for secrets, run[0m
[2;3m the baseline test suite, initialize git properly, and make an initial commit. I'll start the[0m
[2;3m baseline tests first since they're the longest-running operation, then handle the secret[0m
[2;3m scan and documentation review in parallel.[0m
[2;3mÔööÔöÇÔöÇÔöÇÔöÇÔöÇÔöÇÔöÇÔöÇÔöÇÔöÇÔöÇÔöÇÔöÇÔöÇÔöÇÔöÇÔöÇÔöÇÔöÇÔöÇÔöÇÔöÇÔöÇÔöÇÔöÇÔöÇÔöÇÔöÇÔöÇÔöÇÔöÇÔöÇÔöÇÔöÇÔöÇÔöÇÔöÇÔöÇÔöÇÔöÇÔöÇÔöÇÔöÇÔöÇÔöÇÔöÇÔöÇÔöÇÔöÇÔöÇÔöÇÔöÇÔöÇÔöÇÔöÇÔöÇÔöÇÔöÇÔöÇÔöÇÔöÇÔöÇÔöÇÔöÇÔöÇÔöÇÔöÇÔöÇÔöÇÔöÇÔöÇÔöÇÔöÇÔöÇÔöÇÔöÇÔöÇÔöÇÔöÿ[0m

[1;38;2;255;215;0mÔò¡ÔöÇ ÔÜò Hermes ÔöÇÔöÇÔöÇÔöÇÔöÇÔöÇÔöÇÔöÇÔöÇÔöÇÔöÇÔöÇÔöÇÔöÇÔöÇÔöÇÔöÇÔöÇÔöÇÔöÇÔöÇÔöÇÔöÇÔöÇÔöÇÔöÇÔöÇÔöÇÔöÇÔöÇÔöÇÔöÇÔöÇÔöÇÔöÇÔöÇÔöÇÔöÇÔöÇÔöÇÔöÇÔöÇÔöÇÔöÇÔöÇÔöÇÔöÇÔöÇÔöÇÔöÇÔöÇÔöÇÔöÇÔöÇÔöÇÔöÇÔöÇÔöÇÔöÇÔöÇÔöÇÔöÇÔöÇÔöÇÔöÇÔöÇÔöÇÔò«[0m
    [38;2;255;248;220m.git est├í completamente vac├¡o (no es un repo v├ílido) ÔåÆ git falla. Lo[0m
    [38;2;255;248;220mtratar├® como "no existe repo" y har├® git init tras el escaneo de[0m
    [38;2;255;248;220msecretos y baseline. Hay un temp hu├®rfano src/criba/.hermes-tmp.9MdcXu[0m
    [38;2;255;248;220mde sesi├│n previa. Contin├║o FASE 0: leo estado previo (.autoregen,[0m
    [38;2;255;248;220mHANDOFF, CHANGELOG), escaneo secretos y ejecuto el baseline. Lanzo el[0m
  Ôöè ­ƒÉì preparing execute_codeÔÇª
    [38;2;255;248;220mbaseline (polo largo) y las lecturas en paralelo.[0m
[1;38;2;255;215;0mÔò░ÔöÇÔöÇÔöÇÔöÇÔöÇÔöÇÔöÇÔöÇÔöÇÔöÇÔöÇÔöÇÔöÇÔöÇÔöÇÔöÇÔöÇÔöÇÔöÇÔöÇÔöÇÔöÇÔöÇÔöÇÔöÇÔöÇÔöÇÔöÇÔöÇÔöÇÔöÇÔöÇÔöÇÔöÇÔöÇÔöÇÔöÇÔöÇÔöÇÔöÇÔöÇÔöÇÔöÇÔöÇÔöÇÔöÇÔöÇÔöÇÔöÇÔöÇÔöÇÔöÇÔöÇÔöÇÔöÇÔöÇÔöÇÔöÇÔöÇÔöÇÔöÇÔöÇÔöÇÔöÇÔöÇÔöÇÔöÇÔöÇÔöÇÔöÇÔöÇÔöÇÔöÇÔöÇÔöÇÔöÇÔöÇÔöÇÔò»[0m
  Ôöè ­ƒÉì preparing execute_codeÔÇª
  Ôöè ­ƒÉì exec      import subprocess, os, datetime  4.1s
  Ôöè ­ƒÉì exec      import os  0.2s

[2;3mÔöîÔöÇ Reasoning ÔöÇÔöÇÔöÇÔöÇÔöÇÔöÇÔöÇÔöÇÔöÇÔöÇÔöÇÔöÇÔöÇÔöÇÔöÇÔöÇÔöÇÔöÇÔöÇÔöÇÔöÇÔöÇÔöÇÔöÇÔöÇÔöÇÔöÇÔöÇÔöÇÔöÇÔöÇÔöÇÔöÇÔöÇÔöÇÔöÇÔöÇÔöÇÔöÇÔöÇÔöÇÔöÇÔöÇÔöÇÔöÇÔöÇÔöÇÔöÇÔöÇÔöÇÔöÇÔöÇÔöÇÔöÇÔöÇÔöÇÔöÇÔöÇÔöÇÔöÇÔöÇÔöÇÔöÇÔöÇÔöÇÔöÇÔöÉ[0m
[2;3mLooking at the test results, I see 137 tests passing with a clean run, though there's a disc[0m
[2;3mrepancy with the previous handoff documentation which claimed 128 passed. The git[0m
[2;3m repository appears to be empty despite having a .git directory, and while the prior[0m
[2;3m handoff marked the project as completed, there's no corresponding completion marker[0m
[2;3m file. This current task is a fresh hardening mission that takes precedence over the previous[0m
[2;3m work.[0m
[2;3m[0m
[2;3mBefore making any commits, I need to run a secrets scan to ensure nothing sensitive gets[0m
[2;3m committed. Then I'll initialize git properly, review the .gitignore configuration[0m
[2;3m, and make an initial baseline commit. Given the scope of this hardening task spanning[0m
[2;3m multiple phases over several hours, I'm planning to complete FASE 0 fully as a blocking[0m
[2;3m requirement, commit the baseline, then progress through subsequent phases with atomic commits while[0m
[2;3m monitoring context usage carefully.[0m
[2;3mÔööÔöÇÔöÇÔöÇÔöÇÔöÇÔöÇÔöÇÔöÇÔöÇÔöÇÔöÇÔöÇÔöÇÔöÇÔöÇÔöÇÔöÇÔöÇÔöÇÔöÇÔöÇÔöÇÔöÇÔöÇÔöÇÔöÇÔöÇÔöÇÔöÇÔöÇÔöÇÔöÇÔöÇÔöÇÔöÇÔöÇÔöÇÔöÇÔöÇÔöÇÔöÇÔöÇÔöÇÔöÇÔöÇÔöÇÔöÇÔöÇÔöÇÔöÇÔöÇÔöÇÔöÇÔöÇÔöÇÔöÇÔöÇÔöÇÔöÇÔöÇÔöÇÔöÇÔöÇÔöÇÔöÇÔöÇÔöÇÔöÇÔöÇÔöÇÔöÇÔöÇÔöÇÔöÇÔöÇÔöÇÔöÇÔöÇÔöÿ[0m

[1;38;2;255;215;0mÔò¡ÔöÇ ÔÜò Hermes ÔöÇÔöÇÔöÇÔöÇÔöÇÔöÇÔöÇÔöÇÔöÇÔöÇÔöÇÔöÇÔöÇÔöÇÔöÇÔöÇÔöÇÔöÇÔöÇÔöÇÔöÇÔöÇÔöÇÔöÇÔöÇÔöÇÔöÇÔöÇÔöÇÔöÇÔöÇÔöÇÔöÇÔöÇÔöÇÔöÇÔöÇÔöÇÔöÇÔöÇÔöÇÔöÇÔöÇÔöÇÔöÇÔöÇÔöÇÔöÇÔöÇÔöÇÔöÇÔöÇÔöÇÔöÇÔöÇÔöÇÔöÇÔöÇÔöÇÔöÇÔöÇÔöÇÔöÇÔöÇÔöÇÔöÇÔöÇÔò«[0m
    [38;2;255;248;220mBaseline REAL medido: 137 passed, 1 warning, rc=0, ~2.9s (no[0m
    [38;2;255;248;220masumido). El .git est├í vac├¡o (no es repo v├ílido) ÔåÆ har├® git init.[0m
    [38;2;255;248;220mHANDOFF previo describe la implementaci├│n BLACKFORGE que ahora es la[0m
    [38;2;255;248;220mbaseline a endurecer. Ahora: escaneo de secretos + preservar HANDOFF[0m
  Ôöè ­ƒÉì preparing execute_codeÔÇª
    [38;2;255;248;220mprevio.[0m
[1;38;2;255;215;0mÔò░ÔöÇÔöÇÔöÇÔöÇÔöÇÔöÇÔöÇÔöÇÔöÇÔöÇÔöÇÔöÇÔöÇÔöÇÔöÇÔöÇÔöÇÔöÇÔöÇÔöÇÔöÇÔöÇÔöÇÔöÇÔöÇÔöÇÔöÇÔöÇÔöÇÔöÇÔöÇÔöÇÔöÇÔöÇÔöÇÔöÇÔöÇÔöÇÔöÇÔöÇÔöÇÔöÇÔöÇÔöÇÔöÇÔöÇÔöÇÔöÇÔöÇÔöÇÔöÇÔöÇÔöÇÔöÇÔöÇÔöÇÔöÇÔöÇÔöÇÔöÇÔöÇÔöÇÔöÇÔöÇÔöÇÔöÇÔöÇÔöÇÔöÇÔöÇÔöÇÔöÇÔöÇÔöÇÔöÇÔöÇÔöÇÔöÇÔò»[0m
  Ôöè ­ƒÉì preparing execute_codeÔÇª
  Ôöè ­ƒÉì exec      import os, re  0.6s
  Ôöè ­ƒÉì exec      import os, shutil  0.2s

[2;3mÔöîÔöÇ Reasoning ÔöÇÔöÇÔöÇÔöÇÔöÇÔöÇÔöÇÔöÇÔöÇÔöÇÔöÇÔöÇÔöÇÔöÇÔöÇÔöÇÔöÇÔöÇÔöÇÔöÇÔöÇÔöÇÔöÇÔöÇÔöÇÔöÇÔöÇÔöÇÔöÇÔöÇÔöÇÔöÇÔöÇÔöÇÔöÇÔöÇÔöÇÔöÇÔöÇÔöÇÔöÇÔöÇÔöÇÔöÇÔöÇÔöÇÔöÇÔöÇÔöÇÔöÇÔöÇÔöÇÔöÇÔöÇÔöÇÔöÇÔöÇÔöÇÔöÇÔöÇÔöÇÔöÇÔöÇÔöÇÔöÇÔöÇÔöÉ[0m
[2;3mThe only potential secret hit is "aws_secret_access_key" appearing as a literal string in the task file itself[0m
[2;3mÔÇöthat's just the pattern name being mentioned in the prompt, not an actual credential[0m
[2;3m. No real environment files or keys found, so there's nothing blocking the process[0m
[2;3m. The HANDOFF_PRE_HARDENING directory was already present from a previous session, which[0m
[2;3m is fine.[0m
[2;3m[0m
[2;3mNow I'm setting up git with an initial commit. First I need to clean up a stray temporary[0m
[2;3m file in src/criba and review the .gitignore to exclude pytest cache directories,[0m
[2;3m build artifacts, and generated logs while keeping everything needed for tests. Let[0m
[2;3m me check that temp file and scan for any large files that shouldn't be tracked.[0m
[2;3mÔööÔöÇÔöÇÔöÇÔöÇÔöÇÔöÇÔöÇÔöÇÔöÇÔöÇÔöÇÔöÇÔöÇÔöÇÔöÇÔöÇÔöÇÔöÇÔöÇÔöÇÔöÇÔöÇÔöÇÔöÇÔöÇÔöÇÔöÇÔöÇÔöÇÔöÇÔöÇÔöÇÔöÇÔöÇÔöÇÔöÇÔöÇÔöÇÔöÇÔöÇÔöÇÔöÇÔöÇÔöÇÔöÇÔöÇÔöÇÔöÇÔöÇÔöÇÔöÇÔöÇÔöÇÔöÇÔöÇÔöÇÔöÇÔöÇÔöÇÔöÇÔöÇÔöÇÔöÇÔöÇÔöÇÔöÇÔöÇÔöÇÔöÇÔöÇÔöÇÔöÇÔöÇÔöÇÔöÇÔöÇÔöÇÔöÇÔöÿ[0m

[1;38;2;255;215;0mÔò¡ÔöÇ ÔÜò Hermes ÔöÇÔöÇÔöÇÔöÇÔöÇÔöÇÔöÇÔöÇÔöÇÔöÇÔöÇÔöÇÔöÇÔöÇÔöÇÔöÇÔöÇÔöÇÔöÇÔöÇÔöÇÔöÇÔöÇÔöÇÔöÇÔöÇÔöÇÔöÇÔöÇÔöÇÔöÇÔöÇÔöÇÔöÇÔöÇÔöÇÔöÇÔöÇÔöÇÔöÇÔöÇÔöÇÔöÇÔöÇÔöÇÔöÇÔöÇÔöÇÔöÇÔöÇÔöÇÔöÇÔöÇÔöÇÔöÇÔöÇÔöÇÔöÇÔöÇÔöÇÔöÇÔöÇÔöÇÔöÇÔöÇÔöÇÔöÇÔò«[0m
    [38;2;255;248;220mEl ├║nico "hit" es la cadena literal aws_secret_access_key dentro de 01_TAREA_ACTUAL.txt (el propio prompt que enumera patrones a buscar). Falso positivo ÔÇö no hay secreto real, no hay .env, no hay claves. No hay bloqueo por secretos.[0m
    [38;2;255;248;220m[0m
    [38;2;255;248;220mReviso el temp hu├®rfano y archivos grandes antes de git init +[0m
  Ôöè ­ƒÉì preparing execute_codeÔÇª
    [38;2;255;248;220m.gitignore.[0m
